MPLINK 4.35, Linker
Linker Map File - Created Mon Mar 22 23:24:06 2010

                                 Section Info
                  Section       Type    Address   Location Size(Bytes)
                ---------  ---------  ---------  ---------  ---------
                   .org_0       code   0x000000    program   0x000000
                   .org_1       code   0x000000    program   0x000004
                   .org_2       code   0x00000e    program   0x000026
.config_300001_LISTAGEM_3_1.O    romdata   0x300001    program   0x000001
.config_300002_LISTAGEM_3_1.O    romdata   0x300002    program   0x000001
.config_300003_LISTAGEM_3_1.O    romdata   0x300003    program   0x000001
.config_300005_LISTAGEM_3_1.O    romdata   0x300005    program   0x000001
.config_300006_LISTAGEM_3_1.O    romdata   0x300006    program   0x000001
.config_300008_LISTAGEM_3_1.O    romdata   0x300008    program   0x000001
.config_300009_LISTAGEM_3_1.O    romdata   0x300009    program   0x000001
.config_30000A_LISTAGEM_3_1.O    romdata   0x30000a    program   0x000001
.config_30000B_LISTAGEM_3_1.O    romdata   0x30000b    program   0x000001
.config_30000C_LISTAGEM_3_1.O    romdata   0x30000c    program   0x000001
.config_30000D_LISTAGEM_3_1.O    romdata   0x30000d    program   0x000001



                              Program Memory Usage 
                               Start         End      
                           ---------   ---------      
                            0x000000    0x000003      
                            0x00000e    0x000033      
                            0x300001    0x300003      
                            0x300005    0x300006      
                            0x300008    0x30000d      
            53 out of 33048 program addresses used, program memory utilization is 0%



                              Symbols - Sorted by Name
                     Name    Address   Location    Storage File                     
                ---------  ---------  ---------  --------- ---------                
                   ATRASO   0x000022    program     static C:\PIC18_Detalhado\Cap3\Listagem3.1\Firmware\listagem_3_1.asm
                  ATRASO2   0x00002c    program     static C:\PIC18_Detalhado\Cap3\Listagem3.1\Firmware\listagem_3_1.asm
                  ATRASO3   0x00002e    program     static C:\PIC18_Detalhado\Cap3\Listagem3.1\Firmware\listagem_3_1.asm
                   INICIO   0x00000e    program     static C:\PIC18_Detalhado\Cap3\Listagem3.1\Firmware\listagem_3_1.asm
                      REP   0x000026    program     static C:\PIC18_Detalhado\Cap3\Listagem3.1\Firmware\listagem_3_1.asm
                   REPETE   0x000014    program     static C:\PIC18_Detalhado\Cap3\Listagem3.1\Firmware\listagem_3_1.asm



                              Symbols - Sorted by Address
                     Name    Address   Location    Storage File                     
                ---------  ---------  ---------  --------- ---------                
                   INICIO   0x00000e    program     static C:\PIC18_Detalhado\Cap3\Listagem3.1\Firmware\listagem_3_1.asm
                   REPETE   0x000014    program     static C:\PIC18_Detalhado\Cap3\Listagem3.1\Firmware\listagem_3_1.asm
                   ATRASO   0x000022    program     static C:\PIC18_Detalhado\Cap3\Listagem3.1\Firmware\listagem_3_1.asm
                      REP   0x000026    program     static C:\PIC18_Detalhado\Cap3\Listagem3.1\Firmware\listagem_3_1.asm
                  ATRASO2   0x00002c    program     static C:\PIC18_Detalhado\Cap3\Listagem3.1\Firmware\listagem_3_1.asm
                  ATRASO3   0x00002e    program     static C:\PIC18_Detalhado\Cap3\Listagem3.1\Firmware\listagem_3_1.asm


