MPASM 03.20 Released          EXEMPLO.ASM   1-6-2003  16:23:17         PAGE  1


LOC  OBJECT CODE     LINE SOURCE TEXT
  VALUE

Warning[205]: Found directive in column 1. (LIST)
                      00001 LIST    P=16F627
Warning[205]: Found directive in column 1. (INCLUDE)
                      00002 INCLUDE <P16F627.INC>
                      00001         LIST
                      00002 ; P16F627.INC  Standard Header File, Version 1.01    Microchip Technology, Inc.
                      00261         LIST
Warning[205]: Found directive in column 1. (__CONFIG)
2007   3F18           00003 __CONFIG _CP_OFF & _WDT_OFF & _PWRTE_OFF & _BODEN_OFF & _MCLRE_OFF & _INTRC_OSC_NOCLKOUT & _LVP_OFF
  00000020            00004 A0      EQU 0x20
  00000021            00005 A1      EQU 0x21
  00000022            00006 B0      EQU 0x22
  00000023            00007 B1      EQU 0x23
  00000024            00008 C0      EQU 0x24
  00000025            00009 C1      EQU 0x25
  00000026            00010 C2      EQU 0x26
  00000027            00011 C3      EQU 0x27
Warning[205]: Found directive in column 1. (ORG)
0000                  00012 ORG     0x0000
0000   2817           00013         GOTO    INICIO
0001                  00014 MULTIPLICA16X16:
0001   01A7           00015         CLRF    C3
0002   01A6           00016         CLRF    C2
0003   01A5           00017         CLRF    C1
0004   01A4           00018         CLRF    C0
0005   17A5           00019         BSF     C1, 7
0006                  00020 MULTL1:
0006   0CA1           00021         RRF     A1,F
0007   0CA0           00022         RRF     A0,F
0008   1C03           00023         BTFSS   STATUS,C
0009   2810           00024         GOTO    MULTL2
000A   0822           00025         MOVF    B0,W
000B   07A6           00026         ADDWF   C2,F
000C   0823           00027         MOVF    B1,W
000D   1803           00028         BTFSC   STATUS,C
000E   0F23           00029         INCFSZ  B1,W
000F   07A7           00030         ADDWF   C3,F
0010                  00031 MULTL2:
0010   0CA7           00032         RRF     C3,F
0011   0CA6           00033         RRF     C2,F
0012   0CA5           00034         RRF     C1,F
0013   0CA4           00035         RRF     C0,F
0014   1C03           00036         BTFSS   STATUS,C
0015   2806           00037         GOTO    MULTL1
0016   0008           00038         RETURN
0017                  00039 INICIO:
0017   30F1           00040         MOVLW   0xF1    
0018   00A0           00041         MOVWF   A0                      ; A0= 0xF1      
0019   01A1           00042         CLRF    A1                      ; A1= 0x00
001A   3005           00043         MOVLW   0x05                    ; 
001B   00A2           00044         MOVWF   B0                      ; B0= 0x05
001C   301B           00045         MOVLW   0x1B
001D   00A3           00046         MOVWF   B1                      ; B1=0x1B
MPASM 03.20 Released          EXEMPLO.ASM   1-6-2003  16:23:17         PAGE  2


LOC  OBJECT CODE     LINE SOURCE TEXT
  VALUE

001E   2001           00047         CALL    MULTIPLICA16X16         ; chamada da sub-rotina de multiplicação de 
                      00048                                         ; 16 bits
001F   0063           00049         SLEEP                           ; fim do programa, CPU em modo SLEEP
Warning[205]: Found directive in column 1. (END)
                      00050 END
MPASM 03.20 Released          EXEMPLO.ASM   1-6-2003  16:23:17         PAGE  3


SYMBOL TABLE
  LABEL                             VALUE 

A0                                00000020
A1                                00000021
ADEN                              00000003
B0                                00000022
B1                                00000023
BRGH                              00000002
C                                 00000000
C0                                00000024
C1                                00000025
C1INV                             00000004
C1OUT                             00000006
C2                                00000026
C2INV                             00000005
C2OUT                             00000007
C3                                00000027
CCP1CON                           00000017
CCP1IE                            00000002
CCP1IF                            00000002
CCP1M0                            00000000
CCP1M1                            00000001
CCP1M2                            00000002
CCP1M3                            00000003
CCP1X                             00000005
CCP1Y                             00000004
CCPR1H                            00000016
CCPR1L                            00000015
CIS                               00000003
CM0                               00000000
CM1                               00000001
CM2                               00000002
CMCON                             0000001F
CMIE                              00000006
CMIF                              00000006
CREN                              00000004
CSRC                              00000007
DC                                00000001
EEADR                             0000009B
EECON1                            0000009C
EECON2                            0000009D
EEDATA                            0000009A
EEIE                              00000007
EEIF                              00000007
F                                 00000001
FERR                              00000002
FSR                               00000004
GIE                               00000007
INDF                              00000000
INICIO                            00000017
INTCON                            0000000B
INTE                              00000004
INTEDG                            00000006
INTF                              00000001
IRP                               00000007
MPASM 03.20 Released          EXEMPLO.ASM   1-6-2003  16:23:17         PAGE  4


SYMBOL TABLE
  LABEL                             VALUE 

MULTIPLICA16X16                   00000001
MULTL1                            00000006
MULTL2                            00000010
NOT_BO                            00000000
NOT_BOD                           00000000
NOT_BOR                           00000000
NOT_PD                            00000003
NOT_POR                           00000001
NOT_RBPU                          00000007
NOT_T1SYNC                        00000002
NOT_TO                            00000004
OERR                              00000001
OPTION_REG                        00000081
OSCF                              00000003
PCL                               00000002
PCLATH                            0000000A
PCON                              0000008E
PEIE                              00000006
PIE1                              0000008C
PIR1                              0000000C
PORTA                             00000005
PORTB                             00000006
PR2                               00000092
PS0                               00000000
PS1                               00000001
PS2                               00000002
PSA                               00000003
RBIE                              00000003
RBIF                              00000000
RCIE                              00000005
RCIF                              00000005
RCREG                             0000001A
RCSTA                             00000018
RD                                00000000
RP0                               00000005
RP1                               00000006
RX9                               00000006
RX9D                              00000000
SPBRG                             00000099
SPEN                              00000007
SREN                              00000005
STATUS                            00000003
SYNC                              00000004
T0CS                              00000005
T0IE                              00000005
T0IF                              00000002
T0SE                              00000004
T1CKPS0                           00000004
T1CKPS1                           00000005
T1CON                             00000010
T1OSCEN                           00000003
T2CKPS0                           00000000
T2CKPS1                           00000001
MPASM 03.20 Released          EXEMPLO.ASM   1-6-2003  16:23:17         PAGE  5


SYMBOL TABLE
  LABEL                             VALUE 

T2CON                             00000012
TMR0                              00000001
TMR1CS                            00000001
TMR1H                             0000000F
TMR1IE                            00000000
TMR1IF                            00000000
TMR1L                             0000000E
TMR1ON                            00000000
TMR2                              00000011
TMR2IE                            00000001
TMR2IF                            00000001
TMR2ON                            00000002
TOUTPS0                           00000003
TOUTPS1                           00000004
TOUTPS2                           00000005
TOUTPS3                           00000006
TRISA                             00000085
TRISB                             00000086
TRMT                              00000001
TX9                               00000006
TX9D                              00000000
TXEN                              00000005
TXIE                              00000004
TXIF                              00000004
TXREG                             00000019
TXSTA                             00000098
VR0                               00000000
VR1                               00000001
VR2                               00000002
VR3                               00000003
VRCON                             0000009F
VREN                              00000007
VROE                              00000006
VRR                               00000005
W                                 00000000
WR                                00000001
WREN                              00000002
WRERR                             00000003
Z                                 00000002
_BODEN_OFF                        00003FBF
_BODEN_ON                         00003FFF
_CP_50                            00002BFF
_CP_75                            000017FF
_CP_ALL                           000003FF
_CP_OFF                           00003FFF
_DATA_CP_OFF                      00003FFF
_DATA_CP_ON                       00003EFF
_ER_OSC_CLKOUT                    00003FFF
_ER_OSC_NOCLKOUT                  00003FFE
_EXTCLK_OSC                       00003FEF
_HS_OSC                           00003FEE
_INTRC_OSC_CLKOUT                 00003FFD
_INTRC_OSC_NOCLKOUT               00003FFC
MPASM 03.20 Released          EXEMPLO.ASM   1-6-2003  16:23:17         PAGE  6


SYMBOL TABLE
  LABEL                             VALUE 

_LP_OSC                           00003FEC
_LVP_OFF                          00003F7F
_LVP_ON                           00003FFF
_MCLRE_OFF                        00003FDF
_MCLRE_ON                         00003FFF
_PWRTE_OFF                        00003FFF
_PWRTE_ON                         00003FF7
_WDT_OFF                          00003FFB
_WDT_ON                           00003FFF
_XT_OSC                           00003FED
__16F627                          00000001


MEMORY USAGE MAP ('X' = Used,  '-' = Unused)

0000 : XXXXXXXXXXXXXXXX XXXXXXXXXXXXXXXX ---------------- ----------------
2000 : -------X-------- ---------------- ---------------- ----------------

All other memory blocks unused.

Program Memory Words Used:    32
Program Memory Words Free:   992


Errors   :     0
Warnings :     5 reported,     0 suppressed
Messages :     0 reported,     0 suppressed

