MPLINK 4.20, Linker
Linker Map File - Created Mon Mar 22 23:25:03 2010

                                 Section Info
                  Section       Type    Address   Location Size(Bytes)
                ---------  ---------  ---------  ---------  ---------
               _entry_scn       code   0x000000    program   0x000006
                   .cinit    romdata   0x000006    program   0x00000e
         .code_vfprintf.o       code   0x000014    program   0x000c22
               _cinit_scn       code   0x000c36    program   0x00009e
           .code_printf.o       code   0x000cd4    program   0x000098
             .code_putc.o       code   0x000d6c    program   0x000084
          .code_fxm3232.o       code   0x000df0    program   0x000070
                   STRING       code   0x000e60    program   0x000066
                     PROG       code   0x000ec6    program   0x00005a
         .code_fxd3232u.o       code   0x000f20    program   0x000048
     .code_listagem_3_5.o       code   0x000f68    program   0x000036
                    CTYPE       code   0x000f9e    program   0x000024
             _startup_scn       code   0x000fc2    program   0x00001c
                    STDIO       code   0x000fde    program   0x00001c
      .romdata_vfprintf.o    romdata   0x000ffa    program   0x000011
             .stringtable    romdata   0x00100b    program   0x000010
      .idata_fxd3232u.o_i    romdata   0x00101b    program   0x000000
      .romdata_fxd3232u.o    romdata   0x00101b    program   0x000000
      .idata_vfprintf.o_i    romdata   0x00101b    program   0x000000
       .idata_fxm3232.o_i    romdata   0x00101b    program   0x000000
       .romdata_fxm3232.o    romdata   0x00101b    program   0x000000
          .idata_putc.o_i    romdata   0x00101b    program   0x000000
          .romdata_putc.o    romdata   0x00101b    program   0x000000
    .idata__user_putc.o_i    romdata   0x00101b    program   0x000000
    .romdata__user_putc.o    romdata   0x00101b    program   0x000000
         .idata_c018i.o_i    romdata   0x00101b    program   0x000000
        .romdata_stdout.o    romdata   0x00101b    program   0x000000
         .romdata_c018i.o    romdata   0x00101b    program   0x000000
        .romdata_printf.o    romdata   0x00101b    program   0x000000
        .idata_printf.o_i    romdata   0x00101b    program   0x000000
        .romdata___init.o    romdata   0x00101b    program   0x000000
        .idata___init.o_i    romdata   0x00101b    program   0x000000
  .idata_listagem_3_5.o_i    romdata   0x00101b    program   0x000000
  .romdata_listagem_3_5.o    romdata   0x00101b    program   0x000000
            .code_c018i.o       code   0x00101c    program   0x000000
                    .code       code   0x00101c    program   0x00000e
           .code_stdout.o       code   0x00101c    program   0x000000
       .code__user_putc.o       code   0x00102a    program   0x000002
           .code___init.o       code   0x00102c    program   0x000002
        .idata_stdout.o_i    romdata   0x00102e    program   0x000002
.config_300001_listagem_3_5.o    romdata   0x300001    program   0x000001
.config_300002_listagem_3_5.o    romdata   0x300002    program   0x000001
.config_300003_listagem_3_5.o    romdata   0x300003    program   0x000001
.config_300005_listagem_3_5.o    romdata   0x300005    program   0x000001
.config_300006_listagem_3_5.o    romdata   0x300006    program   0x000001
                MATH_DATA      udata   0x000000       data   0x000014
                 .tmpdata      udata   0x000014       data   0x000007
           .udata_c018i.o      udata   0x000080       data   0x00000a
    .udata_listagem_3_5.o      udata   0x00008a       data   0x000002
          .idata_stdout.o      idata   0x00008c       data   0x000002
      .idata__user_putc.o      idata   0x00008e       data   0x000000
      .udata__user_putc.o      udata   0x00008e       data   0x000000
            .idata_putc.o      idata   0x00008e       data   0x000000
            .udata_putc.o      udata   0x00008e       data   0x000000
         .idata_fxm3232.o      idata   0x00008e       data   0x000000
         .udata_fxm3232.o      udata   0x00008e       data   0x000000
        .idata_fxd3232u.o      idata   0x00008e       data   0x000000
        .udata_fxd3232u.o      udata   0x00008e       data   0x000000
        .idata_vfprintf.o      idata   0x00008e       data   0x000000
        .udata_vfprintf.o      udata   0x00008e       data   0x000000
           .idata_c018i.o      idata   0x00008e       data   0x000000
          .udata_stdout.o      udata   0x00008e       data   0x000000
          .idata_printf.o      idata   0x00008e       data   0x000000
          .udata_printf.o      udata   0x00008e       data   0x000000
          .idata___init.o      idata   0x00008e       data   0x000000
          .udata___init.o      udata   0x00008e       data   0x000000
    .idata_listagem_3_5.o      idata   0x00008e       data   0x000000
                   .stack      udata   0x000400       data   0x000100
            SFR_UNBANKED0      udata   0x000f80       data   0x000080



                              Program Memory Usage 
                               Start         End      
                           ---------   ---------      
                            0x000000    0x00101a      
                            0x00101c    0x00102f      
                            0x300001    0x300003      
                            0x300005    0x300006      
            4148 out of 33048 program addresses used, program memory utilization is 12%



                              Symbols - Sorted by Name
                     Name    Address   Location    Storage File                     
                ---------  ---------  ---------  --------- ---------                
                 FXD3232U   0x000f20    program     extern C:\MCC18\src\traditional\math\fxd3232u.c
                 FXM1616S   0x000ec6    program     extern C:\MCC18\src\traditional\math\fxm1616s.asm
                  FXM3232   0x000df0    program     extern C:\MCC18\src\traditional\math\fxm3232.c
               TSIGN1616A   0x000f12    program     static C:\MCC18\src\traditional\math\fxm1616s.asm
                   _2jEnd   0x000eb0    program     static C:\MCC18\src\traditional\stdclib\slenpgm.asm
       ___return_lbl00000   0x000004    program     static                          
       ___return_lbl00000   0x000e5e    program     static                          
       ___return_lbl00000   0x000f66    program     static                          
       ___return_lbl00001   0x000fdc    program     static                          
       ___return_lbl00002   0x000cd2    program     static                          
               __config_0   0x300001    program     static C:\PIC18_Detalhado\Cap3\Listagem3.5\Firmware\listagem_3_5.c
               __config_1   0x300002    program     static C:\PIC18_Detalhado\Cap3\Listagem3.5\Firmware\listagem_3_5.c
               __config_2   0x300003    program     static C:\PIC18_Detalhado\Cap3\Listagem3.5\Firmware\listagem_3_5.c
               __config_3   0x300005    program     static C:\PIC18_Detalhado\Cap3\Listagem3.5\Firmware\listagem_3_5.c
               __config_4   0x300006    program     static C:\PIC18_Detalhado\Cap3\Listagem3.5\Firmware\listagem_3_5.c
                   __init   0x00102c    program     extern C:\MCC18\src\traditional\stdclib\__init.c
                   __pa_0   0x000954    program     static C:\MCC18\src\traditional\stdclib\vfprintf.c
                   __pa_1   0x00095c    program     static C:\MCC18\src\traditional\stdclib\vfprintf.c
                  __pa_10   0x000a10    program     static C:\MCC18\src\traditional\stdclib\vfprintf.c
                  __pa_11   0x000a1e    program     static C:\MCC18\src\traditional\stdclib\vfprintf.c
                  __pa_12   0x000a34    program     static C:\MCC18\src\traditional\stdclib\vfprintf.c
                  __pa_13   0x000a4e    program     static C:\MCC18\src\traditional\stdclib\vfprintf.c
                  __pa_14   0x000a66    program     static C:\MCC18\src\traditional\stdclib\vfprintf.c
                  __pa_15   0x000a76    program     static C:\MCC18\src\traditional\stdclib\vfprintf.c
                  __pa_16   0x000a8c    program     static C:\MCC18\src\traditional\stdclib\vfprintf.c
                  __pa_17   0x000a9e    program     static C:\MCC18\src\traditional\stdclib\vfprintf.c
                  __pa_18   0x000ab0    program     static C:\MCC18\src\traditional\stdclib\vfprintf.c
                  __pa_19   0x000aba    program     static C:\MCC18\src\traditional\stdclib\vfprintf.c
                   __pa_2   0x000966    program     static C:\MCC18\src\traditional\stdclib\vfprintf.c
                  __pa_20   0x000aca    program     static C:\MCC18\src\traditional\stdclib\vfprintf.c
                  __pa_21   0x000ada    program     static C:\MCC18\src\traditional\stdclib\vfprintf.c
                  __pa_22   0x000aea    program     static C:\MCC18\src\traditional\stdclib\vfprintf.c
                  __pa_23   0x000af6    program     static C:\MCC18\src\traditional\stdclib\vfprintf.c
                  __pa_24   0x000b04    program     static C:\MCC18\src\traditional\stdclib\vfprintf.c
                  __pa_25   0x000b0c    program     static C:\MCC18\src\traditional\stdclib\vfprintf.c
                  __pa_26   0x000b16    program     static C:\MCC18\src\traditional\stdclib\vfprintf.c
                  __pa_27   0x000b20    program     static C:\MCC18\src\traditional\stdclib\vfprintf.c
                  __pa_28   0x000b28    program     static C:\MCC18\src\traditional\stdclib\vfprintf.c
                  __pa_29   0x000b36    program     static C:\MCC18\src\traditional\stdclib\vfprintf.c
                   __pa_3   0x000970    program     static C:\MCC18\src\traditional\stdclib\vfprintf.c
                  __pa_30   0x000b52    program     static C:\MCC18\src\traditional\stdclib\vfprintf.c
                  __pa_31   0x000b6c    program     static C:\MCC18\src\traditional\stdclib\vfprintf.c
                  __pa_32   0x000b86    program     static C:\MCC18\src\traditional\stdclib\vfprintf.c
                  __pa_33   0x000b9e    program     static C:\MCC18\src\traditional\stdclib\vfprintf.c
                  __pa_34   0x000ba8    program     static C:\MCC18\src\traditional\stdclib\vfprintf.c
                  __pa_35   0x000bb6    program     static C:\MCC18\src\traditional\stdclib\vfprintf.c
                  __pa_36   0x000bbe    program     static C:\MCC18\src\traditional\stdclib\vfprintf.c
                  __pa_37   0x000bc8    program     static C:\MCC18\src\traditional\stdclib\vfprintf.c
                  __pa_38   0x000bd8    program     static C:\MCC18\src\traditional\stdclib\vfprintf.c
                  __pa_39   0x000be6    program     static C:\MCC18\src\traditional\stdclib\vfprintf.c
                   __pa_4   0x000988    program     static C:\MCC18\src\traditional\stdclib\vfprintf.c
                  __pa_40   0x000bf2    program     static C:\MCC18\src\traditional\stdclib\vfprintf.c
                  __pa_41   0x000bfe    program     static C:\MCC18\src\traditional\stdclib\vfprintf.c
                  __pa_42   0x000c06    program     static C:\MCC18\src\traditional\stdclib\vfprintf.c
                  __pa_43   0x000c10    program     static C:\MCC18\src\traditional\stdclib\vfprintf.c
                  __pa_44   0x000c16    program     static C:\MCC18\src\traditional\stdclib\vfprintf.c
                  __pa_45   0x000c20    program     static C:\MCC18\src\traditional\stdclib\vfprintf.c
                  __pa_46   0x000c2c    program     static C:\MCC18\src\traditional\stdclib\vfprintf.c
                   __pa_5   0x00099c    program     static C:\MCC18\src\traditional\stdclib\vfprintf.c
                   __pa_6   0x0009b8    program     static C:\MCC18\src\traditional\stdclib\vfprintf.c
                   __pa_7   0x0009c2    program     static C:\MCC18\src\traditional\stdclib\vfprintf.c
                   __pa_8   0x0009ce    program     static C:\MCC18\src\traditional\stdclib\vfprintf.c
                   __pa_9   0x0009f0    program     static C:\MCC18\src\traditional\stdclib\vfprintf.c
               __string_0   0x00100b    program     static C:\PIC18_Detalhado\Cap3\Listagem3.5\Firmware\listagem_3_5.c
              __tmplbl_42   0x000aea    program     static                          
              __tmplbl_43   0x000932    program     static                          
              __tmplbl_44   0x000918    program     static                          
              __tmplbl_85   0x00006a    program     static                          
            __zero_memory   0x00101c    program     extern C:\MCC18\src\traditional\proc\p18F4520.asm
                _do_cinit   0x000c36    program     extern C:\MCC18\src\traditional\startup\c018i.c
                   _entry   0x000000    program     extern C:\MCC18\src\traditional\startup\c018i.c
                   _false   0x000f62    program     static                          
                 _startup   0x000fc2    program     extern C:\MCC18\src\traditional\startup\c018i.c
              _usart_putc   0x000fde    program     extern C:\MCC18\src\pmc_common\USART\_usartpc.asm
               _user_putc   0x00102a    program     extern C:\MCC18\src\traditional\stdclib\_user_putc.c
               clear_loop   0x001022    program     static C:\MCC18\src\traditional\proc\p18F4520.asm
                copy_loop   0x000ca8    program     static                          
            copy_one_byte   0x000cae    program     static                          
                     done   0x000cd2    program     static                          
             done_copying   0x000cbc    program     static                          
                  isdigit   0x000f9e    program     extern C:\MCC18\src\traditional\stdclib\isdigit.asm
                     jEnd   0x000eb2    program     static C:\MCC18\src\traditional\stdclib\slenpgm.asm
                     jEnd   0x000e7a    program     static C:\MCC18\src\traditional\stdclib\strlen.asm
                    jLoop   0x000e70    program     static C:\MCC18\src\traditional\stdclib\strlen.asm
                    jLoop   0x000e9a    program     static C:\MCC18\src\traditional\stdclib\slenpgm.asm
                   jMatch   0x000fbe    program     static C:\MCC18\src\traditional\stdclib\isdigit.asm
                 jNoMatch   0x000fc0    program     static C:\MCC18\src\traditional\stdclib\isdigit.asm
                     loop   0x000fd2    program     static                          
                     loop   0x000f2e    program     static                          
                     loop   0x000fee    program     static C:\MCC18\src\pmc_common\USART\_usartpc.asm
                     main   0x000f68    program     extern C:\PIC18_Detalhado\Cap3\Listagem3.5\Firmware\listagem_3_5.c
                   printf   0x000cd4    program     extern C:\MCC18\src\traditional\stdclib\printf.c
                     putc   0x000d6c    program     extern C:\MCC18\src\traditional\stdclib\putc.c
                 s_digits   0x000ffa    program     static C:\MCC18\src\traditional\stdclib\vfprintf.c
            s_put_n_chars   0x000014    program     static C:\MCC18\src\traditional\stdclib\vfprintf.c
                   strlen   0x000e60    program     extern C:\MCC18\src\traditional\stdclib\strlen.asm
                strlenpgm   0x000e7c    program     extern C:\MCC18\src\traditional\stdclib\slenpgm.asm
                     test   0x000c50    program     static                          
                 vfprintf   0x000040    program     extern C:\MCC18\src\traditional\stdclib\vfprintf.c
                   ADCON0   0x000fc2       data     extern C:\MCC18\src\traditional\proc\p18F4520.asm
               ADCON0bits   0x000fc2       data     extern C:\MCC18\src\traditional\proc\p18F4520.asm
                   ADCON1   0x000fc1       data     extern C:\MCC18\src\traditional\proc\p18F4520.asm
               ADCON1bits   0x000fc1       data     extern C:\MCC18\src\traditional\proc\p18F4520.asm
                   ADCON2   0x000fc0       data     extern C:\MCC18\src\traditional\proc\p18F4520.asm
               ADCON2bits   0x000fc0       data     extern C:\MCC18\src\traditional\proc\p18F4520.asm
                    ADRES   0x000fc3       data     extern C:\MCC18\src\traditional\proc\p18F4520.asm
                   ADRESH   0x000fc4       data     extern C:\MCC18\src\traditional\proc\p18F4520.asm
                   ADRESL   0x000fc3       data     extern C:\MCC18\src\traditional\proc\p18F4520.asm
                  BAUDCON   0x000fb8       data     extern C:\MCC18\src\traditional\proc\p18F4520.asm
              BAUDCONbits   0x000fb8       data     extern C:\MCC18\src\traditional\proc\p18F4520.asm
                  BAUDCTL   0x000fb8       data     extern C:\MCC18\src\traditional\proc\p18F4520.asm
              BAUDCTLbits   0x000fb8       data     extern C:\MCC18\src\traditional\proc\p18F4520.asm
                      BSR   0x000fe0       data     extern C:\MCC18\src\traditional\proc\p18F4520.asm
                  CCP1CON   0x000fbd       data     extern C:\MCC18\src\traditional\proc\p18F4520.asm
              CCP1CONbits   0x000fbd       data     extern C:\MCC18\src\traditional\proc\p18F4520.asm
                  CCP2CON   0x000fba       data     extern C:\MCC18\src\traditional\proc\p18F4520.asm
              CCP2CONbits   0x000fba       data     extern C:\MCC18\src\traditional\proc\p18F4520.asm
                    CCPR1   0x000fbe       data     extern C:\MCC18\src\traditional\proc\p18F4520.asm
                   CCPR1H   0x000fbf       data     extern C:\MCC18\src\traditional\proc\p18F4520.asm
                   CCPR1L   0x000fbe       data     extern C:\MCC18\src\traditional\proc\p18F4520.asm
                    CCPR2   0x000fbb       data     extern C:\MCC18\src\traditional\proc\p18F4520.asm
                   CCPR2H   0x000fbc       data     extern C:\MCC18\src\traditional\proc\p18F4520.asm
                   CCPR2L   0x000fbb       data     extern C:\MCC18\src\traditional\proc\p18F4520.asm
                    CMCON   0x000fb4       data     extern C:\MCC18\src\traditional\proc\p18F4520.asm
                CMCONbits   0x000fb4       data     extern C:\MCC18\src\traditional\proc\p18F4520.asm
                   CVRCON   0x000fb5       data     extern C:\MCC18\src\traditional\proc\p18F4520.asm
               CVRCONbits   0x000fb5       data     extern C:\MCC18\src\traditional\proc\p18F4520.asm
                     DDRA   0x000f92       data     extern C:\MCC18\src\traditional\proc\p18F4520.asm
                 DDRAbits   0x000f92       data     extern C:\MCC18\src\traditional\proc\p18F4520.asm
                     DDRB   0x000f93       data     extern C:\MCC18\src\traditional\proc\p18F4520.asm
                 DDRBbits   0x000f93       data     extern C:\MCC18\src\traditional\proc\p18F4520.asm
                     DDRC   0x000f94       data     extern C:\MCC18\src\traditional\proc\p18F4520.asm
                 DDRCbits   0x000f94       data     extern C:\MCC18\src\traditional\proc\p18F4520.asm
                     DDRD   0x000f95       data     extern C:\MCC18\src\traditional\proc\p18F4520.asm
                 DDRDbits   0x000f95       data     extern C:\MCC18\src\traditional\proc\p18F4520.asm
                     DDRE   0x000f96       data     extern C:\MCC18\src\traditional\proc\p18F4520.asm
                 DDREbits   0x000f96       data     extern C:\MCC18\src\traditional\proc\p18F4520.asm
                  ECCP1AS   0x000fb6       data     extern C:\MCC18\src\traditional\proc\p18F4520.asm
              ECCP1ASbits   0x000fb6       data     extern C:\MCC18\src\traditional\proc\p18F4520.asm
                    EEADR   0x000fa9       data     extern C:\MCC18\src\traditional\proc\p18F4520.asm
                   EECON1   0x000fa6       data     extern C:\MCC18\src\traditional\proc\p18F4520.asm
               EECON1bits   0x000fa6       data     extern C:\MCC18\src\traditional\proc\p18F4520.asm
                   EECON2   0x000fa7       data     extern C:\MCC18\src\traditional\proc\p18F4520.asm
                   EEDATA   0x000fa8       data     extern C:\MCC18\src\traditional\proc\p18F4520.asm
                     FSR0   0x000fe9       data     extern C:\MCC18\src\traditional\proc\p18F4520.asm
                    FSR0H   0x000fea       data     extern C:\MCC18\src\traditional\proc\p18F4520.asm
                    FSR0L   0x000fe9       data     extern C:\MCC18\src\traditional\proc\p18F4520.asm
                     FSR1   0x000fe1       data     extern C:\MCC18\src\traditional\proc\p18F4520.asm
                    FSR1H   0x000fe2       data     extern C:\MCC18\src\traditional\proc\p18F4520.asm
                    FSR1L   0x000fe1       data     extern C:\MCC18\src\traditional\proc\p18F4520.asm
                     FSR2   0x000fd9       data     extern C:\MCC18\src\traditional\proc\p18F4520.asm
                    FSR2H   0x000fda       data     extern C:\MCC18\src\traditional\proc\p18F4520.asm
                    FSR2L   0x000fd9       data     extern C:\MCC18\src\traditional\proc\p18F4520.asm
                  HLVDCON   0x000fd2       data     extern C:\MCC18\src\traditional\proc\p18F4520.asm
              HLVDCONbits   0x000fd2       data     extern C:\MCC18\src\traditional\proc\p18F4520.asm
                    INDF0   0x000fef       data     extern C:\MCC18\src\traditional\proc\p18F4520.asm
                    INDF1   0x000fe7       data     extern C:\MCC18\src\traditional\proc\p18F4520.asm
                    INDF2   0x000fdf       data     extern C:\MCC18\src\traditional\proc\p18F4520.asm
                   INTCON   0x000ff2       data     extern C:\MCC18\src\traditional\proc\p18F4520.asm
                  INTCON2   0x000ff1       data     extern C:\MCC18\src\traditional\proc\p18F4520.asm
              INTCON2bits   0x000ff1       data     extern C:\MCC18\src\traditional\proc\p18F4520.asm
                  INTCON3   0x000ff0       data     extern C:\MCC18\src\traditional\proc\p18F4520.asm
              INTCON3bits   0x000ff0       data     extern C:\MCC18\src\traditional\proc\p18F4520.asm
               INTCONbits   0x000ff2       data     extern C:\MCC18\src\traditional\proc\p18F4520.asm
                     IPR1   0x000f9f       data     extern C:\MCC18\src\traditional\proc\p18F4520.asm
                 IPR1bits   0x000f9f       data     extern C:\MCC18\src\traditional\proc\p18F4520.asm
                     IPR2   0x000fa2       data     extern C:\MCC18\src\traditional\proc\p18F4520.asm
                 IPR2bits   0x000fa2       data     extern C:\MCC18\src\traditional\proc\p18F4520.asm
                     LATA   0x000f89       data     extern C:\MCC18\src\traditional\proc\p18F4520.asm
                 LATAbits   0x000f89       data     extern C:\MCC18\src\traditional\proc\p18F4520.asm
                     LATB   0x000f8a       data     extern C:\MCC18\src\traditional\proc\p18F4520.asm
                 LATBbits   0x000f8a       data     extern C:\MCC18\src\traditional\proc\p18F4520.asm
                     LATC   0x000f8b       data     extern C:\MCC18\src\traditional\proc\p18F4520.asm
                 LATCbits   0x000f8b       data     extern C:\MCC18\src\traditional\proc\p18F4520.asm
                     LATD   0x000f8c       data     extern C:\MCC18\src\traditional\proc\p18F4520.asm
                 LATDbits   0x000f8c       data     extern C:\MCC18\src\traditional\proc\p18F4520.asm
                     LATE   0x000f8d       data     extern C:\MCC18\src\traditional\proc\p18F4520.asm
                 LATEbits   0x000f8d       data     extern C:\MCC18\src\traditional\proc\p18F4520.asm
                   LVDCON   0x000fd2       data     extern C:\MCC18\src\traditional\proc\p18F4520.asm
               LVDCONbits   0x000fd2       data     extern C:\MCC18\src\traditional\proc\p18F4520.asm
                   OSCCON   0x000fd3       data     extern C:\MCC18\src\traditional\proc\p18F4520.asm
               OSCCONbits   0x000fd3       data     extern C:\MCC18\src\traditional\proc\p18F4520.asm
                  OSCTUNE   0x000f9b       data     extern C:\MCC18\src\traditional\proc\p18F4520.asm
              OSCTUNEbits   0x000f9b       data     extern C:\MCC18\src\traditional\proc\p18F4520.asm
                       PC   0x000ff9       data     extern C:\MCC18\src\traditional\proc\p18F4520.asm
                      PCL   0x000ff9       data     extern C:\MCC18\src\traditional\proc\p18F4520.asm
                   PCLATH   0x000ffa       data     extern C:\MCC18\src\traditional\proc\p18F4520.asm
                   PCLATU   0x000ffb       data     extern C:\MCC18\src\traditional\proc\p18F4520.asm
                     PIE1   0x000f9d       data     extern C:\MCC18\src\traditional\proc\p18F4520.asm
                 PIE1bits   0x000f9d       data     extern C:\MCC18\src\traditional\proc\p18F4520.asm
                     PIE2   0x000fa0       data     extern C:\MCC18\src\traditional\proc\p18F4520.asm
                 PIE2bits   0x000fa0       data     extern C:\MCC18\src\traditional\proc\p18F4520.asm
                     PIR1   0x000f9e       data     extern C:\MCC18\src\traditional\proc\p18F4520.asm
                 PIR1bits   0x000f9e       data     extern C:\MCC18\src\traditional\proc\p18F4520.asm
                     PIR2   0x000fa1       data     extern C:\MCC18\src\traditional\proc\p18F4520.asm
                 PIR2bits   0x000fa1       data     extern C:\MCC18\src\traditional\proc\p18F4520.asm
                   PLUSW0   0x000feb       data     extern C:\MCC18\src\traditional\proc\p18F4520.asm
                   PLUSW1   0x000fe3       data     extern C:\MCC18\src\traditional\proc\p18F4520.asm
                   PLUSW2   0x000fdb       data     extern C:\MCC18\src\traditional\proc\p18F4520.asm
                    PORTA   0x000f80       data     extern C:\MCC18\src\traditional\proc\p18F4520.asm
                PORTAbits   0x000f80       data     extern C:\MCC18\src\traditional\proc\p18F4520.asm
                    PORTB   0x000f81       data     extern C:\MCC18\src\traditional\proc\p18F4520.asm
                PORTBbits   0x000f81       data     extern C:\MCC18\src\traditional\proc\p18F4520.asm
                    PORTC   0x000f82       data     extern C:\MCC18\src\traditional\proc\p18F4520.asm
                PORTCbits   0x000f82       data     extern C:\MCC18\src\traditional\proc\p18F4520.asm
                    PORTD   0x000f83       data     extern C:\MCC18\src\traditional\proc\p18F4520.asm
                PORTDbits   0x000f83       data     extern C:\MCC18\src\traditional\proc\p18F4520.asm
                    PORTE   0x000f84       data     extern C:\MCC18\src\traditional\proc\p18F4520.asm
                PORTEbits   0x000f84       data     extern C:\MCC18\src\traditional\proc\p18F4520.asm
                 POSTDEC0   0x000fed       data     extern C:\MCC18\src\traditional\proc\p18F4520.asm
                 POSTDEC1   0x000fe5       data     extern C:\MCC18\src\traditional\proc\p18F4520.asm
                 POSTDEC2   0x000fdd       data     extern C:\MCC18\src\traditional\proc\p18F4520.asm
                 POSTINC0   0x000fee       data     extern C:\MCC18\src\traditional\proc\p18F4520.asm
                 POSTINC1   0x000fe6       data     extern C:\MCC18\src\traditional\proc\p18F4520.asm
                 POSTINC2   0x000fde       data     extern C:\MCC18\src\traditional\proc\p18F4520.asm
                      PR2   0x000fcb       data     extern C:\MCC18\src\traditional\proc\p18F4520.asm
                  PREINC0   0x000fec       data     extern C:\MCC18\src\traditional\proc\p18F4520.asm
                  PREINC1   0x000fe4       data     extern C:\MCC18\src\traditional\proc\p18F4520.asm
                  PREINC2   0x000fdc       data     extern C:\MCC18\src\traditional\proc\p18F4520.asm
                     PROD   0x000ff3       data     extern C:\MCC18\src\traditional\proc\p18F4520.asm
                    PRODH   0x000ff4       data     extern C:\MCC18\src\traditional\proc\p18F4520.asm
                    PRODL   0x000ff3       data     extern C:\MCC18\src\traditional\proc\p18F4520.asm
                  PWM1CON   0x000fb7       data     extern C:\MCC18\src\traditional\proc\p18F4520.asm
              PWM1CONbits   0x000fb7       data     extern C:\MCC18\src\traditional\proc\p18F4520.asm
                     RCON   0x000fd0       data     extern C:\MCC18\src\traditional\proc\p18F4520.asm
                 RCONbits   0x000fd0       data     extern C:\MCC18\src\traditional\proc\p18F4520.asm
                    RCREG   0x000fae       data     extern C:\MCC18\src\traditional\proc\p18F4520.asm
                    RCSTA   0x000fab       data     extern C:\MCC18\src\traditional\proc\p18F4520.asm
                RCSTAbits   0x000fab       data     extern C:\MCC18\src\traditional\proc\p18F4520.asm
                     SIGN   0x000000       data     extern C:\MCC18\src\traditional\math\cmath18.asm
                    SPBRG   0x000faf       data     extern C:\MCC18\src\traditional\proc\p18F4520.asm
                   SPBRGH   0x000fb0       data     extern C:\MCC18\src\traditional\proc\p18F4520.asm
                   SSPADD   0x000fc8       data     extern C:\MCC18\src\traditional\proc\p18F4520.asm
                   SSPBUF   0x000fc9       data     extern C:\MCC18\src\traditional\proc\p18F4520.asm
                  SSPCON1   0x000fc6       data     extern C:\MCC18\src\traditional\proc\p18F4520.asm
              SSPCON1bits   0x000fc6       data     extern C:\MCC18\src\traditional\proc\p18F4520.asm
                  SSPCON2   0x000fc5       data     extern C:\MCC18\src\traditional\proc\p18F4520.asm
              SSPCON2bits   0x000fc5       data     extern C:\MCC18\src\traditional\proc\p18F4520.asm
                  SSPSTAT   0x000fc7       data     extern C:\MCC18\src\traditional\proc\p18F4520.asm
              SSPSTATbits   0x000fc7       data     extern C:\MCC18\src\traditional\proc\p18F4520.asm
                   STATUS   0x000fd8       data     extern C:\MCC18\src\traditional\proc\p18F4520.asm
               STATUSbits   0x000fd8       data     extern C:\MCC18\src\traditional\proc\p18F4520.asm
                   STKPTR   0x000ffc       data     extern C:\MCC18\src\traditional\proc\p18F4520.asm
               STKPTRbits   0x000ffc       data     extern C:\MCC18\src\traditional\proc\p18F4520.asm
                    T0CON   0x000fd5       data     extern C:\MCC18\src\traditional\proc\p18F4520.asm
                T0CONbits   0x000fd5       data     extern C:\MCC18\src\traditional\proc\p18F4520.asm
                    T1CON   0x000fcd       data     extern C:\MCC18\src\traditional\proc\p18F4520.asm
                T1CONbits   0x000fcd       data     extern C:\MCC18\src\traditional\proc\p18F4520.asm
                    T2CON   0x000fca       data     extern C:\MCC18\src\traditional\proc\p18F4520.asm
                T2CONbits   0x000fca       data     extern C:\MCC18\src\traditional\proc\p18F4520.asm
                    T3CON   0x000fb1       data     extern C:\MCC18\src\traditional\proc\p18F4520.asm
                T3CONbits   0x000fb1       data     extern C:\MCC18\src\traditional\proc\p18F4520.asm
                   TABLAT   0x000ff5       data     extern C:\MCC18\src\traditional\proc\p18F4520.asm
                   TBLPTR   0x000ff6       data     extern C:\MCC18\src\traditional\proc\p18F4520.asm
                  TBLPTRH   0x000ff7       data     extern C:\MCC18\src\traditional\proc\p18F4520.asm
                  TBLPTRL   0x000ff6       data     extern C:\MCC18\src\traditional\proc\p18F4520.asm
                  TBLPTRU   0x000ff8       data     extern C:\MCC18\src\traditional\proc\p18F4520.asm
                    TMR0H   0x000fd7       data     extern C:\MCC18\src\traditional\proc\p18F4520.asm
                    TMR0L   0x000fd6       data     extern C:\MCC18\src\traditional\proc\p18F4520.asm
                    TMR1H   0x000fcf       data     extern C:\MCC18\src\traditional\proc\p18F4520.asm
                    TMR1L   0x000fce       data     extern C:\MCC18\src\traditional\proc\p18F4520.asm
                     TMR2   0x000fcc       data     extern C:\MCC18\src\traditional\proc\p18F4520.asm
                    TMR3H   0x000fb3       data     extern C:\MCC18\src\traditional\proc\p18F4520.asm
                    TMR3L   0x000fb2       data     extern C:\MCC18\src\traditional\proc\p18F4520.asm
                      TOS   0x000ffd       data     extern C:\MCC18\src\traditional\proc\p18F4520.asm
                     TOSH   0x000ffe       data     extern C:\MCC18\src\traditional\proc\p18F4520.asm
                     TOSL   0x000ffd       data     extern C:\MCC18\src\traditional\proc\p18F4520.asm
                     TOSU   0x000fff       data     extern C:\MCC18\src\traditional\proc\p18F4520.asm
                    TRISA   0x000f92       data     extern C:\MCC18\src\traditional\proc\p18F4520.asm
                TRISAbits   0x000f92       data     extern C:\MCC18\src\traditional\proc\p18F4520.asm
                    TRISB   0x000f93       data     extern C:\MCC18\src\traditional\proc\p18F4520.asm
                TRISBbits   0x000f93       data     extern C:\MCC18\src\traditional\proc\p18F4520.asm
                    TRISC   0x000f94       data     extern C:\MCC18\src\traditional\proc\p18F4520.asm
                TRISCbits   0x000f94       data     extern C:\MCC18\src\traditional\proc\p18F4520.asm
                    TRISD   0x000f95       data     extern C:\MCC18\src\traditional\proc\p18F4520.asm
                TRISDbits   0x000f95       data     extern C:\MCC18\src\traditional\proc\p18F4520.asm
                    TRISE   0x000f96       data     extern C:\MCC18\src\traditional\proc\p18F4520.asm
                TRISEbits   0x000f96       data     extern C:\MCC18\src\traditional\proc\p18F4520.asm
                    TXREG   0x000fad       data     extern C:\MCC18\src\traditional\proc\p18F4520.asm
                    TXSTA   0x000fac       data     extern C:\MCC18\src\traditional\proc\p18F4520.asm
                TXSTAbits   0x000fac       data     extern C:\MCC18\src\traditional\proc\p18F4520.asm
                        W   0x000fe8       data     extern C:\MCC18\src\traditional\proc\p18F4520.asm
                   WDTCON   0x000fd1       data     extern C:\MCC18\src\traditional\proc\p18F4520.asm
               WDTCONbits   0x000fd1       data     extern C:\MCC18\src\traditional\proc\p18F4520.asm
                     WREG   0x000fe8       data     extern C:\MCC18\src\traditional\proc\p18F4520.asm
                 __AARGB0   0x000009       data     extern C:\MCC18\src\traditional\math\aarg.asm
                 __AARGB1   0x000008       data     extern C:\MCC18\src\traditional\math\aarg.asm
                 __AARGB2   0x000007       data     extern C:\MCC18\src\traditional\math\aarg.asm
                 __AARGB3   0x000006       data     extern C:\MCC18\src\traditional\math\aarg.asm
                 __AARGB4   0x000005       data     extern C:\MCC18\src\traditional\math\aarg.asm
                 __AARGB5   0x000004       data     extern C:\MCC18\src\traditional\math\aarg.asm
                 __AARGB6   0x000003       data     extern C:\MCC18\src\traditional\math\aarg.asm
                 __AARGB7   0x000002       data     extern C:\MCC18\src\traditional\math\aarg.asm
                   __AEXP   0x00000a       data     extern C:\MCC18\src\traditional\math\aarg.asm
                 __BARGB0   0x00000e       data     extern C:\MCC18\src\traditional\math\barg.asm
                 __BARGB1   0x00000d       data     extern C:\MCC18\src\traditional\math\barg.asm
                 __BARGB2   0x00000c       data     extern C:\MCC18\src\traditional\math\barg.asm
                 __BARGB3   0x00000b       data     extern C:\MCC18\src\traditional\math\barg.asm
                   __BEXP   0x00000f       data     extern C:\MCC18\src\traditional\math\barg.asm
                __FPFLAGS   0x000001       data     extern C:\MCC18\src\traditional\math\cmath18.asm
            __FPFLAGSbits   0x000001       data     extern C:\MCC18\src\traditional\math\cmath18.asm
                  __REMB0   0x000005       data     extern C:\MCC18\src\traditional\math\aarg.asm
                  __REMB1   0x000004       data     extern C:\MCC18\src\traditional\math\aarg.asm
                  __REMB2   0x000003       data     extern C:\MCC18\src\traditional\math\aarg.asm
                  __REMB3   0x000002       data     extern C:\MCC18\src\traditional\math\aarg.asm
                   __TEMP   0x000013       data     extern C:\MCC18\src\traditional\math\temparg.asm
                 __TEMPB0   0x000013       data     extern C:\MCC18\src\traditional\math\temparg.asm
                 __TEMPB1   0x000012       data     extern C:\MCC18\src\traditional\math\temparg.asm
                 __TEMPB2   0x000011       data     extern C:\MCC18\src\traditional\math\temparg.asm
                 __TEMPB3   0x000010       data     extern C:\MCC18\src\traditional\math\temparg.asm
                  __tmp_0   0x000014       data     static C:\MCC18\src\traditional\stdclib\putc.c
                  __tmp_0   0x000014       data     static C:\MCC18\src\traditional\stdclib\vfprintf.c
                  __tmp_0   0x000014       data     static C:\MCC18\src\traditional\stdclib\printf.c
                  __tmp_0   0x000014       data     static C:\PIC18_Detalhado\Cap3\Listagem3.5\Firmware\listagem_3_5.c
                      cnt   0x00008a       data     extern C:\PIC18_Detalhado\Cap3\Listagem3.5\Firmware\listagem_3_5.c
                curr_byte   0x000083       data     static C:\MCC18\src\traditional\startup\c018i.c
               curr_entry   0x000085       data     static C:\MCC18\src\traditional\startup\c018i.c
                 data_ptr   0x000087       data     static C:\MCC18\src\traditional\startup\c018i.c
                     prom   0x000080       data     static C:\MCC18\src\traditional\startup\c018i.c
                   stdout   0x00008c       data     extern C:\MCC18\src\traditional\stdclib\stdout.c



                              Symbols - Sorted by Address
                     Name    Address   Location    Storage File                     
                ---------  ---------  ---------  --------- ---------                
                   _entry   0x000000    program     extern C:\MCC18\src\traditional\startup\c018i.c
       ___return_lbl00000   0x000004    program     static                          
            s_put_n_chars   0x000014    program     static C:\MCC18\src\traditional\stdclib\vfprintf.c
                 vfprintf   0x000040    program     extern C:\MCC18\src\traditional\stdclib\vfprintf.c
              __tmplbl_85   0x00006a    program     static                          
              __tmplbl_44   0x000918    program     static                          
              __tmplbl_43   0x000932    program     static                          
                   __pa_0   0x000954    program     static C:\MCC18\src\traditional\stdclib\vfprintf.c
                   __pa_1   0x00095c    program     static C:\MCC18\src\traditional\stdclib\vfprintf.c
                   __pa_2   0x000966    program     static C:\MCC18\src\traditional\stdclib\vfprintf.c
                   __pa_3   0x000970    program     static C:\MCC18\src\traditional\stdclib\vfprintf.c
                   __pa_4   0x000988    program     static C:\MCC18\src\traditional\stdclib\vfprintf.c
                   __pa_5   0x00099c    program     static C:\MCC18\src\traditional\stdclib\vfprintf.c
                   __pa_6   0x0009b8    program     static C:\MCC18\src\traditional\stdclib\vfprintf.c
                   __pa_7   0x0009c2    program     static C:\MCC18\src\traditional\stdclib\vfprintf.c
                   __pa_8   0x0009ce    program     static C:\MCC18\src\traditional\stdclib\vfprintf.c
                   __pa_9   0x0009f0    program     static C:\MCC18\src\traditional\stdclib\vfprintf.c
                  __pa_10   0x000a10    program     static C:\MCC18\src\traditional\stdclib\vfprintf.c
                  __pa_11   0x000a1e    program     static C:\MCC18\src\traditional\stdclib\vfprintf.c
                  __pa_12   0x000a34    program     static C:\MCC18\src\traditional\stdclib\vfprintf.c
                  __pa_13   0x000a4e    program     static C:\MCC18\src\traditional\stdclib\vfprintf.c
                  __pa_14   0x000a66    program     static C:\MCC18\src\traditional\stdclib\vfprintf.c
                  __pa_15   0x000a76    program     static C:\MCC18\src\traditional\stdclib\vfprintf.c
                  __pa_16   0x000a8c    program     static C:\MCC18\src\traditional\stdclib\vfprintf.c
                  __pa_17   0x000a9e    program     static C:\MCC18\src\traditional\stdclib\vfprintf.c
                  __pa_18   0x000ab0    program     static C:\MCC18\src\traditional\stdclib\vfprintf.c
                  __pa_19   0x000aba    program     static C:\MCC18\src\traditional\stdclib\vfprintf.c
                  __pa_20   0x000aca    program     static C:\MCC18\src\traditional\stdclib\vfprintf.c
                  __pa_21   0x000ada    program     static C:\MCC18\src\traditional\stdclib\vfprintf.c
                  __pa_22   0x000aea    program     static C:\MCC18\src\traditional\stdclib\vfprintf.c
              __tmplbl_42   0x000aea    program     static                          
                  __pa_23   0x000af6    program     static C:\MCC18\src\traditional\stdclib\vfprintf.c
                  __pa_24   0x000b04    program     static C:\MCC18\src\traditional\stdclib\vfprintf.c
                  __pa_25   0x000b0c    program     static C:\MCC18\src\traditional\stdclib\vfprintf.c
                  __pa_26   0x000b16    program     static C:\MCC18\src\traditional\stdclib\vfprintf.c
                  __pa_27   0x000b20    program     static C:\MCC18\src\traditional\stdclib\vfprintf.c
                  __pa_28   0x000b28    program     static C:\MCC18\src\traditional\stdclib\vfprintf.c
                  __pa_29   0x000b36    program     static C:\MCC18\src\traditional\stdclib\vfprintf.c
                  __pa_30   0x000b52    program     static C:\MCC18\src\traditional\stdclib\vfprintf.c
                  __pa_31   0x000b6c    program     static C:\MCC18\src\traditional\stdclib\vfprintf.c
                  __pa_32   0x000b86    program     static C:\MCC18\src\traditional\stdclib\vfprintf.c
                  __pa_33   0x000b9e    program     static C:\MCC18\src\traditional\stdclib\vfprintf.c
                  __pa_34   0x000ba8    program     static C:\MCC18\src\traditional\stdclib\vfprintf.c
                  __pa_35   0x000bb6    program     static C:\MCC18\src\traditional\stdclib\vfprintf.c
                  __pa_36   0x000bbe    program     static C:\MCC18\src\traditional\stdclib\vfprintf.c
                  __pa_37   0x000bc8    program     static C:\MCC18\src\traditional\stdclib\vfprintf.c
                  __pa_38   0x000bd8    program     static C:\MCC18\src\traditional\stdclib\vfprintf.c
                  __pa_39   0x000be6    program     static C:\MCC18\src\traditional\stdclib\vfprintf.c
                  __pa_40   0x000bf2    program     static C:\MCC18\src\traditional\stdclib\vfprintf.c
                  __pa_41   0x000bfe    program     static C:\MCC18\src\traditional\stdclib\vfprintf.c
                  __pa_42   0x000c06    program     static C:\MCC18\src\traditional\stdclib\vfprintf.c
                  __pa_43   0x000c10    program     static C:\MCC18\src\traditional\stdclib\vfprintf.c
                  __pa_44   0x000c16    program     static C:\MCC18\src\traditional\stdclib\vfprintf.c
                  __pa_45   0x000c20    program     static C:\MCC18\src\traditional\stdclib\vfprintf.c
                  __pa_46   0x000c2c    program     static C:\MCC18\src\traditional\stdclib\vfprintf.c
                _do_cinit   0x000c36    program     extern C:\MCC18\src\traditional\startup\c018i.c
                     test   0x000c50    program     static                          
                copy_loop   0x000ca8    program     static                          
            copy_one_byte   0x000cae    program     static                          
             done_copying   0x000cbc    program     static                          
                     done   0x000cd2    program     static                          
       ___return_lbl00002   0x000cd2    program     static                          
                   printf   0x000cd4    program     extern C:\MCC18\src\traditional\stdclib\printf.c
                     putc   0x000d6c    program     extern C:\MCC18\src\traditional\stdclib\putc.c
                  FXM3232   0x000df0    program     extern C:\MCC18\src\traditional\math\fxm3232.c
       ___return_lbl00000   0x000e5e    program     static                          
                   strlen   0x000e60    program     extern C:\MCC18\src\traditional\stdclib\strlen.asm
                    jLoop   0x000e70    program     static C:\MCC18\src\traditional\stdclib\strlen.asm
                     jEnd   0x000e7a    program     static C:\MCC18\src\traditional\stdclib\strlen.asm
                strlenpgm   0x000e7c    program     extern C:\MCC18\src\traditional\stdclib\slenpgm.asm
                    jLoop   0x000e9a    program     static C:\MCC18\src\traditional\stdclib\slenpgm.asm
                   _2jEnd   0x000eb0    program     static C:\MCC18\src\traditional\stdclib\slenpgm.asm
                     jEnd   0x000eb2    program     static C:\MCC18\src\traditional\stdclib\slenpgm.asm
                 FXM1616S   0x000ec6    program     extern C:\MCC18\src\traditional\math\fxm1616s.asm
               TSIGN1616A   0x000f12    program     static C:\MCC18\src\traditional\math\fxm1616s.asm
                 FXD3232U   0x000f20    program     extern C:\MCC18\src\traditional\math\fxd3232u.c
                     loop   0x000f2e    program     static                          
                   _false   0x000f62    program     static                          
       ___return_lbl00000   0x000f66    program     static                          
                     main   0x000f68    program     extern C:\PIC18_Detalhado\Cap3\Listagem3.5\Firmware\listagem_3_5.c
                  isdigit   0x000f9e    program     extern C:\MCC18\src\traditional\stdclib\isdigit.asm
                   jMatch   0x000fbe    program     static C:\MCC18\src\traditional\stdclib\isdigit.asm
                 jNoMatch   0x000fc0    program     static C:\MCC18\src\traditional\stdclib\isdigit.asm
                 _startup   0x000fc2    program     extern C:\MCC18\src\traditional\startup\c018i.c
                     loop   0x000fd2    program     static                          
       ___return_lbl00001   0x000fdc    program     static                          
              _usart_putc   0x000fde    program     extern C:\MCC18\src\pmc_common\USART\_usartpc.asm
                     loop   0x000fee    program     static C:\MCC18\src\pmc_common\USART\_usartpc.asm
                 s_digits   0x000ffa    program     static C:\MCC18\src\traditional\stdclib\vfprintf.c
               __string_0   0x00100b    program     static C:\PIC18_Detalhado\Cap3\Listagem3.5\Firmware\listagem_3_5.c
            __zero_memory   0x00101c    program     extern C:\MCC18\src\traditional\proc\p18F4520.asm
               clear_loop   0x001022    program     static C:\MCC18\src\traditional\proc\p18F4520.asm
               _user_putc   0x00102a    program     extern C:\MCC18\src\traditional\stdclib\_user_putc.c
                   __init   0x00102c    program     extern C:\MCC18\src\traditional\stdclib\__init.c
               __config_0   0x300001    program     static C:\PIC18_Detalhado\Cap3\Listagem3.5\Firmware\listagem_3_5.c
               __config_1   0x300002    program     static C:\PIC18_Detalhado\Cap3\Listagem3.5\Firmware\listagem_3_5.c
               __config_2   0x300003    program     static C:\PIC18_Detalhado\Cap3\Listagem3.5\Firmware\listagem_3_5.c
               __config_3   0x300005    program     static C:\PIC18_Detalhado\Cap3\Listagem3.5\Firmware\listagem_3_5.c
               __config_4   0x300006    program     static C:\PIC18_Detalhado\Cap3\Listagem3.5\Firmware\listagem_3_5.c
                     SIGN   0x000000       data     extern C:\MCC18\src\traditional\math\cmath18.asm
            __FPFLAGSbits   0x000001       data     extern C:\MCC18\src\traditional\math\cmath18.asm
                __FPFLAGS   0x000001       data     extern C:\MCC18\src\traditional\math\cmath18.asm
                  __REMB3   0x000002       data     extern C:\MCC18\src\traditional\math\aarg.asm
                 __AARGB7   0x000002       data     extern C:\MCC18\src\traditional\math\aarg.asm
                  __REMB2   0x000003       data     extern C:\MCC18\src\traditional\math\aarg.asm
                 __AARGB6   0x000003       data     extern C:\MCC18\src\traditional\math\aarg.asm
                  __REMB1   0x000004       data     extern C:\MCC18\src\traditional\math\aarg.asm
                 __AARGB5   0x000004       data     extern C:\MCC18\src\traditional\math\aarg.asm
                 __AARGB4   0x000005       data     extern C:\MCC18\src\traditional\math\aarg.asm
                  __REMB0   0x000005       data     extern C:\MCC18\src\traditional\math\aarg.asm
                 __AARGB3   0x000006       data     extern C:\MCC18\src\traditional\math\aarg.asm
                 __AARGB2   0x000007       data     extern C:\MCC18\src\traditional\math\aarg.asm
                 __AARGB1   0x000008       data     extern C:\MCC18\src\traditional\math\aarg.asm
                 __AARGB0   0x000009       data     extern C:\MCC18\src\traditional\math\aarg.asm
                   __AEXP   0x00000a       data     extern C:\MCC18\src\traditional\math\aarg.asm
                 __BARGB3   0x00000b       data     extern C:\MCC18\src\traditional\math\barg.asm
                 __BARGB2   0x00000c       data     extern C:\MCC18\src\traditional\math\barg.asm
                 __BARGB1   0x00000d       data     extern C:\MCC18\src\traditional\math\barg.asm
                 __BARGB0   0x00000e       data     extern C:\MCC18\src\traditional\math\barg.asm
                   __BEXP   0x00000f       data     extern C:\MCC18\src\traditional\math\barg.asm
                 __TEMPB3   0x000010       data     extern C:\MCC18\src\traditional\math\temparg.asm
                 __TEMPB2   0x000011       data     extern C:\MCC18\src\traditional\math\temparg.asm
                 __TEMPB1   0x000012       data     extern C:\MCC18\src\traditional\math\temparg.asm
                   __TEMP   0x000013       data     extern C:\MCC18\src\traditional\math\temparg.asm
                 __TEMPB0   0x000013       data     extern C:\MCC18\src\traditional\math\temparg.asm
                  __tmp_0   0x000014       data     static C:\MCC18\src\traditional\stdclib\vfprintf.c
                  __tmp_0   0x000014       data     static C:\MCC18\src\traditional\stdclib\putc.c
                  __tmp_0   0x000014       data     static C:\MCC18\src\traditional\stdclib\printf.c
                  __tmp_0   0x000014       data     static C:\PIC18_Detalhado\Cap3\Listagem3.5\Firmware\listagem_3_5.c
                     prom   0x000080       data     static C:\MCC18\src\traditional\startup\c018i.c
                curr_byte   0x000083       data     static C:\MCC18\src\traditional\startup\c018i.c
               curr_entry   0x000085       data     static C:\MCC18\src\traditional\startup\c018i.c
                 data_ptr   0x000087       data     static C:\MCC18\src\traditional\startup\c018i.c
                      cnt   0x00008a       data     extern C:\PIC18_Detalhado\Cap3\Listagem3.5\Firmware\listagem_3_5.c
                   stdout   0x00008c       data     extern C:\MCC18\src\traditional\stdclib\stdout.c
                PORTAbits   0x000f80       data     extern C:\MCC18\src\traditional\proc\p18F4520.asm
                    PORTA   0x000f80       data     extern C:\MCC18\src\traditional\proc\p18F4520.asm
                PORTBbits   0x000f81       data     extern C:\MCC18\src\traditional\proc\p18F4520.asm
                    PORTB   0x000f81       data     extern C:\MCC18\src\traditional\proc\p18F4520.asm
                PORTCbits   0x000f82       data     extern C:\MCC18\src\traditional\proc\p18F4520.asm
                    PORTC   0x000f82       data     extern C:\MCC18\src\traditional\proc\p18F4520.asm
                PORTDbits   0x000f83       data     extern C:\MCC18\src\traditional\proc\p18F4520.asm
                    PORTD   0x000f83       data     extern C:\MCC18\src\traditional\proc\p18F4520.asm
                PORTEbits   0x000f84       data     extern C:\MCC18\src\traditional\proc\p18F4520.asm
                    PORTE   0x000f84       data     extern C:\MCC18\src\traditional\proc\p18F4520.asm
                 LATAbits   0x000f89       data     extern C:\MCC18\src\traditional\proc\p18F4520.asm
                     LATA   0x000f89       data     extern C:\MCC18\src\traditional\proc\p18F4520.asm
                 LATBbits   0x000f8a       data     extern C:\MCC18\src\traditional\proc\p18F4520.asm
                     LATB   0x000f8a       data     extern C:\MCC18\src\traditional\proc\p18F4520.asm
                 LATCbits   0x000f8b       data     extern C:\MCC18\src\traditional\proc\p18F4520.asm
                     LATC   0x000f8b       data     extern C:\MCC18\src\traditional\proc\p18F4520.asm
                 LATDbits   0x000f8c       data     extern C:\MCC18\src\traditional\proc\p18F4520.asm
                     LATD   0x000f8c       data     extern C:\MCC18\src\traditional\proc\p18F4520.asm
                 LATEbits   0x000f8d       data     extern C:\MCC18\src\traditional\proc\p18F4520.asm
                     LATE   0x000f8d       data     extern C:\MCC18\src\traditional\proc\p18F4520.asm
                 DDRAbits   0x000f92       data     extern C:\MCC18\src\traditional\proc\p18F4520.asm
                     DDRA   0x000f92       data     extern C:\MCC18\src\traditional\proc\p18F4520.asm
                    TRISA   0x000f92       data     extern C:\MCC18\src\traditional\proc\p18F4520.asm
                TRISAbits   0x000f92       data     extern C:\MCC18\src\traditional\proc\p18F4520.asm
                TRISBbits   0x000f93       data     extern C:\MCC18\src\traditional\proc\p18F4520.asm
                    TRISB   0x000f93       data     extern C:\MCC18\src\traditional\proc\p18F4520.asm
                 DDRBbits   0x000f93       data     extern C:\MCC18\src\traditional\proc\p18F4520.asm
                     DDRB   0x000f93       data     extern C:\MCC18\src\traditional\proc\p18F4520.asm
                    TRISC   0x000f94       data     extern C:\MCC18\src\traditional\proc\p18F4520.asm
                TRISCbits   0x000f94       data     extern C:\MCC18\src\traditional\proc\p18F4520.asm
                     DDRC   0x000f94       data     extern C:\MCC18\src\traditional\proc\p18F4520.asm
                 DDRCbits   0x000f94       data     extern C:\MCC18\src\traditional\proc\p18F4520.asm
                 DDRDbits   0x000f95       data     extern C:\MCC18\src\traditional\proc\p18F4520.asm
                     DDRD   0x000f95       data     extern C:\MCC18\src\traditional\proc\p18F4520.asm
                TRISDbits   0x000f95       data     extern C:\MCC18\src\traditional\proc\p18F4520.asm
                    TRISD   0x000f95       data     extern C:\MCC18\src\traditional\proc\p18F4520.asm
                    TRISE   0x000f96       data     extern C:\MCC18\src\traditional\proc\p18F4520.asm
                TRISEbits   0x000f96       data     extern C:\MCC18\src\traditional\proc\p18F4520.asm
                     DDRE   0x000f96       data     extern C:\MCC18\src\traditional\proc\p18F4520.asm
                 DDREbits   0x000f96       data     extern C:\MCC18\src\traditional\proc\p18F4520.asm
                  OSCTUNE   0x000f9b       data     extern C:\MCC18\src\traditional\proc\p18F4520.asm
              OSCTUNEbits   0x000f9b       data     extern C:\MCC18\src\traditional\proc\p18F4520.asm
                 PIE1bits   0x000f9d       data     extern C:\MCC18\src\traditional\proc\p18F4520.asm
                     PIE1   0x000f9d       data     extern C:\MCC18\src\traditional\proc\p18F4520.asm
                 PIR1bits   0x000f9e       data     extern C:\MCC18\src\traditional\proc\p18F4520.asm
                     PIR1   0x000f9e       data     extern C:\MCC18\src\traditional\proc\p18F4520.asm
                 IPR1bits   0x000f9f       data     extern C:\MCC18\src\traditional\proc\p18F4520.asm
                     IPR1   0x000f9f       data     extern C:\MCC18\src\traditional\proc\p18F4520.asm
                 PIE2bits   0x000fa0       data     extern C:\MCC18\src\traditional\proc\p18F4520.asm
                     PIE2   0x000fa0       data     extern C:\MCC18\src\traditional\proc\p18F4520.asm
                 PIR2bits   0x000fa1       data     extern C:\MCC18\src\traditional\proc\p18F4520.asm
                     PIR2   0x000fa1       data     extern C:\MCC18\src\traditional\proc\p18F4520.asm
                     IPR2   0x000fa2       data     extern C:\MCC18\src\traditional\proc\p18F4520.asm
                 IPR2bits   0x000fa2       data     extern C:\MCC18\src\traditional\proc\p18F4520.asm
               EECON1bits   0x000fa6       data     extern C:\MCC18\src\traditional\proc\p18F4520.asm
                   EECON1   0x000fa6       data     extern C:\MCC18\src\traditional\proc\p18F4520.asm
                   EECON2   0x000fa7       data     extern C:\MCC18\src\traditional\proc\p18F4520.asm
                   EEDATA   0x000fa8       data     extern C:\MCC18\src\traditional\proc\p18F4520.asm
                    EEADR   0x000fa9       data     extern C:\MCC18\src\traditional\proc\p18F4520.asm
                RCSTAbits   0x000fab       data     extern C:\MCC18\src\traditional\proc\p18F4520.asm
                    RCSTA   0x000fab       data     extern C:\MCC18\src\traditional\proc\p18F4520.asm
                TXSTAbits   0x000fac       data     extern C:\MCC18\src\traditional\proc\p18F4520.asm
                    TXSTA   0x000fac       data     extern C:\MCC18\src\traditional\proc\p18F4520.asm
                    TXREG   0x000fad       data     extern C:\MCC18\src\traditional\proc\p18F4520.asm
                    RCREG   0x000fae       data     extern C:\MCC18\src\traditional\proc\p18F4520.asm
                    SPBRG   0x000faf       data     extern C:\MCC18\src\traditional\proc\p18F4520.asm
                   SPBRGH   0x000fb0       data     extern C:\MCC18\src\traditional\proc\p18F4520.asm
                T3CONbits   0x000fb1       data     extern C:\MCC18\src\traditional\proc\p18F4520.asm
                    T3CON   0x000fb1       data     extern C:\MCC18\src\traditional\proc\p18F4520.asm
                    TMR3L   0x000fb2       data     extern C:\MCC18\src\traditional\proc\p18F4520.asm
                    TMR3H   0x000fb3       data     extern C:\MCC18\src\traditional\proc\p18F4520.asm
                CMCONbits   0x000fb4       data     extern C:\MCC18\src\traditional\proc\p18F4520.asm
                    CMCON   0x000fb4       data     extern C:\MCC18\src\traditional\proc\p18F4520.asm
                   CVRCON   0x000fb5       data     extern C:\MCC18\src\traditional\proc\p18F4520.asm
               CVRCONbits   0x000fb5       data     extern C:\MCC18\src\traditional\proc\p18F4520.asm
                  ECCP1AS   0x000fb6       data     extern C:\MCC18\src\traditional\proc\p18F4520.asm
              ECCP1ASbits   0x000fb6       data     extern C:\MCC18\src\traditional\proc\p18F4520.asm
              PWM1CONbits   0x000fb7       data     extern C:\MCC18\src\traditional\proc\p18F4520.asm
                  PWM1CON   0x000fb7       data     extern C:\MCC18\src\traditional\proc\p18F4520.asm
              BAUDCTLbits   0x000fb8       data     extern C:\MCC18\src\traditional\proc\p18F4520.asm
                  BAUDCTL   0x000fb8       data     extern C:\MCC18\src\traditional\proc\p18F4520.asm
              BAUDCONbits   0x000fb8       data     extern C:\MCC18\src\traditional\proc\p18F4520.asm
                  BAUDCON   0x000fb8       data     extern C:\MCC18\src\traditional\proc\p18F4520.asm
              CCP2CONbits   0x000fba       data     extern C:\MCC18\src\traditional\proc\p18F4520.asm
                  CCP2CON   0x000fba       data     extern C:\MCC18\src\traditional\proc\p18F4520.asm
                    CCPR2   0x000fbb       data     extern C:\MCC18\src\traditional\proc\p18F4520.asm
                   CCPR2L   0x000fbb       data     extern C:\MCC18\src\traditional\proc\p18F4520.asm
                   CCPR2H   0x000fbc       data     extern C:\MCC18\src\traditional\proc\p18F4520.asm
                  CCP1CON   0x000fbd       data     extern C:\MCC18\src\traditional\proc\p18F4520.asm
              CCP1CONbits   0x000fbd       data     extern C:\MCC18\src\traditional\proc\p18F4520.asm
                    CCPR1   0x000fbe       data     extern C:\MCC18\src\traditional\proc\p18F4520.asm
                   CCPR1L   0x000fbe       data     extern C:\MCC18\src\traditional\proc\p18F4520.asm
                   CCPR1H   0x000fbf       data     extern C:\MCC18\src\traditional\proc\p18F4520.asm
                   ADCON2   0x000fc0       data     extern C:\MCC18\src\traditional\proc\p18F4520.asm
               ADCON2bits   0x000fc0       data     extern C:\MCC18\src\traditional\proc\p18F4520.asm
               ADCON1bits   0x000fc1       data     extern C:\MCC18\src\traditional\proc\p18F4520.asm
                   ADCON1   0x000fc1       data     extern C:\MCC18\src\traditional\proc\p18F4520.asm
                   ADCON0   0x000fc2       data     extern C:\MCC18\src\traditional\proc\p18F4520.asm
               ADCON0bits   0x000fc2       data     extern C:\MCC18\src\traditional\proc\p18F4520.asm
                    ADRES   0x000fc3       data     extern C:\MCC18\src\traditional\proc\p18F4520.asm
                   ADRESL   0x000fc3       data     extern C:\MCC18\src\traditional\proc\p18F4520.asm
                   ADRESH   0x000fc4       data     extern C:\MCC18\src\traditional\proc\p18F4520.asm
                  SSPCON2   0x000fc5       data     extern C:\MCC18\src\traditional\proc\p18F4520.asm
              SSPCON2bits   0x000fc5       data     extern C:\MCC18\src\traditional\proc\p18F4520.asm
                  SSPCON1   0x000fc6       data     extern C:\MCC18\src\traditional\proc\p18F4520.asm
              SSPCON1bits   0x000fc6       data     extern C:\MCC18\src\traditional\proc\p18F4520.asm
                  SSPSTAT   0x000fc7       data     extern C:\MCC18\src\traditional\proc\p18F4520.asm
              SSPSTATbits   0x000fc7       data     extern C:\MCC18\src\traditional\proc\p18F4520.asm
                   SSPADD   0x000fc8       data     extern C:\MCC18\src\traditional\proc\p18F4520.asm
                   SSPBUF   0x000fc9       data     extern C:\MCC18\src\traditional\proc\p18F4520.asm
                    T2CON   0x000fca       data     extern C:\MCC18\src\traditional\proc\p18F4520.asm
                T2CONbits   0x000fca       data     extern C:\MCC18\src\traditional\proc\p18F4520.asm
                      PR2   0x000fcb       data     extern C:\MCC18\src\traditional\proc\p18F4520.asm
                     TMR2   0x000fcc       data     extern C:\MCC18\src\traditional\proc\p18F4520.asm
                    T1CON   0x000fcd       data     extern C:\MCC18\src\traditional\proc\p18F4520.asm
                T1CONbits   0x000fcd       data     extern C:\MCC18\src\traditional\proc\p18F4520.asm
                    TMR1L   0x000fce       data     extern C:\MCC18\src\traditional\proc\p18F4520.asm
                    TMR1H   0x000fcf       data     extern C:\MCC18\src\traditional\proc\p18F4520.asm
                 RCONbits   0x000fd0       data     extern C:\MCC18\src\traditional\proc\p18F4520.asm
                     RCON   0x000fd0       data     extern C:\MCC18\src\traditional\proc\p18F4520.asm
                   WDTCON   0x000fd1       data     extern C:\MCC18\src\traditional\proc\p18F4520.asm
               WDTCONbits   0x000fd1       data     extern C:\MCC18\src\traditional\proc\p18F4520.asm
               LVDCONbits   0x000fd2       data     extern C:\MCC18\src\traditional\proc\p18F4520.asm
                   LVDCON   0x000fd2       data     extern C:\MCC18\src\traditional\proc\p18F4520.asm
              HLVDCONbits   0x000fd2       data     extern C:\MCC18\src\traditional\proc\p18F4520.asm
                  HLVDCON   0x000fd2       data     extern C:\MCC18\src\traditional\proc\p18F4520.asm
                   OSCCON   0x000fd3       data     extern C:\MCC18\src\traditional\proc\p18F4520.asm
               OSCCONbits   0x000fd3       data     extern C:\MCC18\src\traditional\proc\p18F4520.asm
                    T0CON   0x000fd5       data     extern C:\MCC18\src\traditional\proc\p18F4520.asm
                T0CONbits   0x000fd5       data     extern C:\MCC18\src\traditional\proc\p18F4520.asm
                    TMR0L   0x000fd6       data     extern C:\MCC18\src\traditional\proc\p18F4520.asm
                    TMR0H   0x000fd7       data     extern C:\MCC18\src\traditional\proc\p18F4520.asm
                   STATUS   0x000fd8       data     extern C:\MCC18\src\traditional\proc\p18F4520.asm
               STATUSbits   0x000fd8       data     extern C:\MCC18\src\traditional\proc\p18F4520.asm
                     FSR2   0x000fd9       data     extern C:\MCC18\src\traditional\proc\p18F4520.asm
                    FSR2L   0x000fd9       data     extern C:\MCC18\src\traditional\proc\p18F4520.asm
                    FSR2H   0x000fda       data     extern C:\MCC18\src\traditional\proc\p18F4520.asm
                   PLUSW2   0x000fdb       data     extern C:\MCC18\src\traditional\proc\p18F4520.asm
                  PREINC2   0x000fdc       data     extern C:\MCC18\src\traditional\proc\p18F4520.asm
                 POSTDEC2   0x000fdd       data     extern C:\MCC18\src\traditional\proc\p18F4520.asm
                 POSTINC2   0x000fde       data     extern C:\MCC18\src\traditional\proc\p18F4520.asm
                    INDF2   0x000fdf       data     extern C:\MCC18\src\traditional\proc\p18F4520.asm
                      BSR   0x000fe0       data     extern C:\MCC18\src\traditional\proc\p18F4520.asm
                     FSR1   0x000fe1       data     extern C:\MCC18\src\traditional\proc\p18F4520.asm
                    FSR1L   0x000fe1       data     extern C:\MCC18\src\traditional\proc\p18F4520.asm
                    FSR1H   0x000fe2       data     extern C:\MCC18\src\traditional\proc\p18F4520.asm
                   PLUSW1   0x000fe3       data     extern C:\MCC18\src\traditional\proc\p18F4520.asm
                  PREINC1   0x000fe4       data     extern C:\MCC18\src\traditional\proc\p18F4520.asm
                 POSTDEC1   0x000fe5       data     extern C:\MCC18\src\traditional\proc\p18F4520.asm
                 POSTINC1   0x000fe6       data     extern C:\MCC18\src\traditional\proc\p18F4520.asm
                    INDF1   0x000fe7       data     extern C:\MCC18\src\traditional\proc\p18F4520.asm
                     WREG   0x000fe8       data     extern C:\MCC18\src\traditional\proc\p18F4520.asm
                        W   0x000fe8       data     extern C:\MCC18\src\traditional\proc\p18F4520.asm
                    FSR0L   0x000fe9       data     extern C:\MCC18\src\traditional\proc\p18F4520.asm
                     FSR0   0x000fe9       data     extern C:\MCC18\src\traditional\proc\p18F4520.asm
                    FSR0H   0x000fea       data     extern C:\MCC18\src\traditional\proc\p18F4520.asm
                   PLUSW0   0x000feb       data     extern C:\MCC18\src\traditional\proc\p18F4520.asm
                  PREINC0   0x000fec       data     extern C:\MCC18\src\traditional\proc\p18F4520.asm
                 POSTDEC0   0x000fed       data     extern C:\MCC18\src\traditional\proc\p18F4520.asm
                 POSTINC0   0x000fee       data     extern C:\MCC18\src\traditional\proc\p18F4520.asm
                    INDF0   0x000fef       data     extern C:\MCC18\src\traditional\proc\p18F4520.asm
              INTCON3bits   0x000ff0       data     extern C:\MCC18\src\traditional\proc\p18F4520.asm
                  INTCON3   0x000ff0       data     extern C:\MCC18\src\traditional\proc\p18F4520.asm
              INTCON2bits   0x000ff1       data     extern C:\MCC18\src\traditional\proc\p18F4520.asm
                  INTCON2   0x000ff1       data     extern C:\MCC18\src\traditional\proc\p18F4520.asm
                   INTCON   0x000ff2       data     extern C:\MCC18\src\traditional\proc\p18F4520.asm
               INTCONbits   0x000ff2       data     extern C:\MCC18\src\traditional\proc\p18F4520.asm
                     PROD   0x000ff3       data     extern C:\MCC18\src\traditional\proc\p18F4520.asm
                    PRODL   0x000ff3       data     extern C:\MCC18\src\traditional\proc\p18F4520.asm
                    PRODH   0x000ff4       data     extern C:\MCC18\src\traditional\proc\p18F4520.asm
                   TABLAT   0x000ff5       data     extern C:\MCC18\src\traditional\proc\p18F4520.asm
                   TBLPTR   0x000ff6       data     extern C:\MCC18\src\traditional\proc\p18F4520.asm
                  TBLPTRL   0x000ff6       data     extern C:\MCC18\src\traditional\proc\p18F4520.asm
                  TBLPTRH   0x000ff7       data     extern C:\MCC18\src\traditional\proc\p18F4520.asm
                  TBLPTRU   0x000ff8       data     extern C:\MCC18\src\traditional\proc\p18F4520.asm
                       PC   0x000ff9       data     extern C:\MCC18\src\traditional\proc\p18F4520.asm
                      PCL   0x000ff9       data     extern C:\MCC18\src\traditional\proc\p18F4520.asm
                   PCLATH   0x000ffa       data     extern C:\MCC18\src\traditional\proc\p18F4520.asm
                   PCLATU   0x000ffb       data     extern C:\MCC18\src\traditional\proc\p18F4520.asm
                   STKPTR   0x000ffc       data     extern C:\MCC18\src\traditional\proc\p18F4520.asm
               STKPTRbits   0x000ffc       data     extern C:\MCC18\src\traditional\proc\p18F4520.asm
                      TOS   0x000ffd       data     extern C:\MCC18\src\traditional\proc\p18F4520.asm
                     TOSL   0x000ffd       data     extern C:\MCC18\src\traditional\proc\p18F4520.asm
                     TOSH   0x000ffe       data     extern C:\MCC18\src\traditional\proc\p18F4520.asm
                     TOSU   0x000fff       data     extern C:\MCC18\src\traditional\proc\p18F4520.asm


