MPLINK 4.35, Linker
Linker Map File - Created Sun Mar 21 22:02:42 2010

                                 Section Info
                  Section       Type    Address   Location Size(Bytes)
                ---------  ---------  ---------  ---------  ---------
                   .org_0       code   0x000000    program   0x000000
                   .org_1       code   0x000000    program   0x000010
.config_300001_EXEMPLO_12_2.O    romdata   0x300001    program   0x000001
.config_300002_EXEMPLO_12_2.O    romdata   0x300002    program   0x000001
.config_300003_EXEMPLO_12_2.O    romdata   0x300003    program   0x000001
.config_300005_EXEMPLO_12_2.O    romdata   0x300005    program   0x000001
.config_300006_EXEMPLO_12_2.O    romdata   0x300006    program   0x000001
.config_300008_EXEMPLO_12_2.O    romdata   0x300008    program   0x000001
.config_300009_EXEMPLO_12_2.O    romdata   0x300009    program   0x000001
.config_30000A_EXEMPLO_12_2.O    romdata   0x30000a    program   0x000001
.config_30000B_EXEMPLO_12_2.O    romdata   0x30000b    program   0x000001
.config_30000C_EXEMPLO_12_2.O    romdata   0x30000c    program   0x000001
.config_30000D_EXEMPLO_12_2.O    romdata   0x30000d    program   0x000001



                              Program Memory Usage 
                               Start         End      
                           ---------   ---------      
                            0x000000    0x00000f      
                            0x300001    0x300003      
                            0x300005    0x300006      
                            0x300008    0x30000d      
            27 out of 33048 program addresses used, program memory utilization is 0%



                              Symbols - Sorted by Name
                     Name    Address   Location    Storage File                     
                ---------  ---------  ---------  --------- ---------                
                   INICIO   0x000000    program     static C:\PIC18_Detalhado\Cap12\Exemplo12.2\Firmware\Exemplo_12_2.asm
                   REPETE   0x000006    program     static C:\PIC18_Detalhado\Cap12\Exemplo12.2\Firmware\Exemplo_12_2.asm



                              Symbols - Sorted by Address
                     Name    Address   Location    Storage File                     
                ---------  ---------  ---------  --------- ---------                
                   INICIO   0x000000    program     static C:\PIC18_Detalhado\Cap12\Exemplo12.2\Firmware\Exemplo_12_2.asm
                   REPETE   0x000006    program     static C:\PIC18_Detalhado\Cap12\Exemplo12.2\Firmware\Exemplo_12_2.asm


