MPLINK 4.35, Linker
Linker Map File - Created Mon Mar 22 23:47:25 2010

                                 Section Info
                  Section       Type    Address   Location Size(Bytes)
                ---------  ---------  ---------  ---------  ---------
                   .org_0       code   0x000000    program   0x000000
                   .org_2       code   0x000000    program   0x00001a
                   .org_1       code   0x000400    program   0x000014
.config_300001_EXEMPLO_11_1.O    romdata   0x300001    program   0x000001
.config_300002_EXEMPLO_11_1.O    romdata   0x300002    program   0x000001
.config_300003_EXEMPLO_11_1.O    romdata   0x300003    program   0x000001
.config_300005_EXEMPLO_11_1.O    romdata   0x300005    program   0x000001
.config_300006_EXEMPLO_11_1.O    romdata   0x300006    program   0x000001
.config_300008_EXEMPLO_11_1.O    romdata   0x300008    program   0x000001
.config_300009_EXEMPLO_11_1.O    romdata   0x300009    program   0x000001
.config_30000A_EXEMPLO_11_1.O    romdata   0x30000a    program   0x000001
.config_30000B_EXEMPLO_11_1.O    romdata   0x30000b    program   0x000001
.config_30000C_EXEMPLO_11_1.O    romdata   0x30000c    program   0x000001
.config_30000D_EXEMPLO_11_1.O    romdata   0x30000d    program   0x000001



                              Program Memory Usage 
                               Start         End      
                           ---------   ---------      
                            0x000000    0x000019      
                            0x000400    0x000413      
                            0x300001    0x300003      
                            0x300005    0x300006      
                            0x300008    0x30000d      
            57 out of 33048 program addresses used, program memory utilization is 0%



                              Symbols - Sorted by Name
                     Name    Address   Location    Storage File                     
                ---------  ---------  ---------  --------- ---------                
                      FIM   0x000018    program     static C:\PIC18_Detalhado\Cap11\Exemplo11.1\Firmware\exemplo_11_1.asm
               FLASH_READ   0x000002    program     static C:\PIC18_Detalhado\Cap11\Exemplo11.1\Firmware\exemplo_11_1.asm
                   INICIO   0x00000a    program     static C:\PIC18_Detalhado\Cap11\Exemplo11.1\Firmware\exemplo_11_1.asm



                              Symbols - Sorted by Address
                     Name    Address   Location    Storage File                     
                ---------  ---------  ---------  --------- ---------                
               FLASH_READ   0x000002    program     static C:\PIC18_Detalhado\Cap11\Exemplo11.1\Firmware\exemplo_11_1.asm
                   INICIO   0x00000a    program     static C:\PIC18_Detalhado\Cap11\Exemplo11.1\Firmware\exemplo_11_1.asm
                      FIM   0x000018    program     static C:\PIC18_Detalhado\Cap11\Exemplo11.1\Firmware\exemplo_11_1.asm


