MPLINK 4.35, Linker
Linker Map File - Created Sun Mar 21 21:57:19 2010

                                 Section Info
                  Section       Type    Address   Location Size(Bytes)
                ---------  ---------  ---------  ---------  ---------
                   .org_0       code   0x000000    program   0x000000
                   .org_1       code   0x000000    program   0x00003e
.config_300001_EXEMPLO_12_1.O    romdata   0x300001    program   0x000001
.config_300002_EXEMPLO_12_1.O    romdata   0x300002    program   0x000001
.config_300003_EXEMPLO_12_1.O    romdata   0x300003    program   0x000001
.config_300005_EXEMPLO_12_1.O    romdata   0x300005    program   0x000001
.config_300006_EXEMPLO_12_1.O    romdata   0x300006    program   0x000001
.config_300008_EXEMPLO_12_1.O    romdata   0x300008    program   0x000001
.config_300009_EXEMPLO_12_1.O    romdata   0x300009    program   0x000001
.config_30000A_EXEMPLO_12_1.O    romdata   0x30000a    program   0x000001
.config_30000B_EXEMPLO_12_1.O    romdata   0x30000b    program   0x000001
.config_30000C_EXEMPLO_12_1.O    romdata   0x30000c    program   0x000001
.config_30000D_EXEMPLO_12_1.O    romdata   0x30000d    program   0x000001



                              Program Memory Usage 
                               Start         End      
                           ---------   ---------      
                            0x000000    0x00003d      
                            0x300001    0x300003      
                            0x300005    0x300006      
                            0x300008    0x30000d      
            73 out of 33048 program addresses used, program memory utilization is 0%



                              Symbols - Sorted by Name
                     Name    Address   Location    Storage File                     
                ---------  ---------  ---------  --------- ---------                
                   ATRASO   0x000018    program     static C:\PIC18_Detalhado\Cap12\Exemplo12.1\Firmware\Exemplo_12_1.asm
                  ATRASO2   0x000028    program     static C:\PIC18_Detalhado\Cap12\Exemplo12.1\Firmware\Exemplo_12_1.asm
                  ATRASO3   0x00002a    program     static C:\PIC18_Detalhado\Cap12\Exemplo12.1\Firmware\Exemplo_12_1.asm
                   DORMIR   0x000030    program     static C:\PIC18_Detalhado\Cap12\Exemplo12.1\Firmware\Exemplo_12_1.asm
                   INICIO   0x000000    program     static C:\PIC18_Detalhado\Cap12\Exemplo12.1\Firmware\Exemplo_12_1.asm
                      REP   0x00001c    program     static C:\PIC18_Detalhado\Cap12\Exemplo12.1\Firmware\Exemplo_12_1.asm
                   REPETE   0x00000a    program     static C:\PIC18_Detalhado\Cap12\Exemplo12.1\Firmware\Exemplo_12_1.asm



                              Symbols - Sorted by Address
                     Name    Address   Location    Storage File                     
                ---------  ---------  ---------  --------- ---------                
                   INICIO   0x000000    program     static C:\PIC18_Detalhado\Cap12\Exemplo12.1\Firmware\Exemplo_12_1.asm
                   REPETE   0x00000a    program     static C:\PIC18_Detalhado\Cap12\Exemplo12.1\Firmware\Exemplo_12_1.asm
                   ATRASO   0x000018    program     static C:\PIC18_Detalhado\Cap12\Exemplo12.1\Firmware\Exemplo_12_1.asm
                      REP   0x00001c    program     static C:\PIC18_Detalhado\Cap12\Exemplo12.1\Firmware\Exemplo_12_1.asm
                  ATRASO2   0x000028    program     static C:\PIC18_Detalhado\Cap12\Exemplo12.1\Firmware\Exemplo_12_1.asm
                  ATRASO3   0x00002a    program     static C:\PIC18_Detalhado\Cap12\Exemplo12.1\Firmware\Exemplo_12_1.asm
                   DORMIR   0x000030    program     static C:\PIC18_Detalhado\Cap12\Exemplo12.1\Firmware\Exemplo_12_1.asm


