MPLINK 4.35, Linker
Linker Map File - Created Mon Mar 22 22:19:38 2010

                                 Section Info
                  Section       Type    Address   Location Size(Bytes)
                ---------  ---------  ---------  ---------  ---------
                   .org_0       code   0x000000    program   0x000000
                   .org_1       code   0x000000    program   0x00003a
.config_300001_EXEMPLO_8_4.O    romdata   0x300001    program   0x000001
.config_300002_EXEMPLO_8_4.O    romdata   0x300002    program   0x000001
.config_300003_EXEMPLO_8_4.O    romdata   0x300003    program   0x000001
.config_300005_EXEMPLO_8_4.O    romdata   0x300005    program   0x000001
.config_300006_EXEMPLO_8_4.O    romdata   0x300006    program   0x000001
.config_300008_EXEMPLO_8_4.O    romdata   0x300008    program   0x000001
.config_300009_EXEMPLO_8_4.O    romdata   0x300009    program   0x000001
.config_30000A_EXEMPLO_8_4.O    romdata   0x30000a    program   0x000001
.config_30000B_EXEMPLO_8_4.O    romdata   0x30000b    program   0x000001
.config_30000C_EXEMPLO_8_4.O    romdata   0x30000c    program   0x000001
.config_30000D_EXEMPLO_8_4.O    romdata   0x30000d    program   0x000001



                              Program Memory Usage 
                               Start         End      
                           ---------   ---------      
                            0x000000    0x000039      
                            0x300001    0x300003      
                            0x300005    0x300006      
                            0x300008    0x30000d      
            69 out of 33048 program addresses used, program memory utilization is 0%



                              Symbols - Sorted by Name
                     Name    Address   Location    Storage File                     
                ---------  ---------  ---------  --------- ---------                
                   ATRASO   0x00002a    program     static C:\PIC18_Detalhado\Cap8\Exemplo8.4\Firmware\exemplo_8_4.asm
                 ATRASO_A   0x00002e    program     static C:\PIC18_Detalhado\Cap8\Exemplo8.4\Firmware\exemplo_8_4.asm
                 ATRASO_B   0x000030    program     static C:\PIC18_Detalhado\Cap8\Exemplo8.4\Firmware\exemplo_8_4.asm
               DECREMENTA   0x00001c    program     static C:\PIC18_Detalhado\Cap8\Exemplo8.4\Firmware\exemplo_8_4.asm
               INCREMENTA   0x000024    program     static C:\PIC18_Detalhado\Cap8\Exemplo8.4\Firmware\exemplo_8_4.asm
                   INICIO   0x000000    program     static C:\PIC18_Detalhado\Cap8\Exemplo8.4\Firmware\exemplo_8_4.asm
                   REPETE   0x000012    program     static C:\PIC18_Detalhado\Cap8\Exemplo8.4\Firmware\exemplo_8_4.asm



                              Symbols - Sorted by Address
                     Name    Address   Location    Storage File                     
                ---------  ---------  ---------  --------- ---------                
                   INICIO   0x000000    program     static C:\PIC18_Detalhado\Cap8\Exemplo8.4\Firmware\exemplo_8_4.asm
                   REPETE   0x000012    program     static C:\PIC18_Detalhado\Cap8\Exemplo8.4\Firmware\exemplo_8_4.asm
               DECREMENTA   0x00001c    program     static C:\PIC18_Detalhado\Cap8\Exemplo8.4\Firmware\exemplo_8_4.asm
               INCREMENTA   0x000024    program     static C:\PIC18_Detalhado\Cap8\Exemplo8.4\Firmware\exemplo_8_4.asm
                   ATRASO   0x00002a    program     static C:\PIC18_Detalhado\Cap8\Exemplo8.4\Firmware\exemplo_8_4.asm
                 ATRASO_A   0x00002e    program     static C:\PIC18_Detalhado\Cap8\Exemplo8.4\Firmware\exemplo_8_4.asm
                 ATRASO_B   0x000030    program     static C:\PIC18_Detalhado\Cap8\Exemplo8.4\Firmware\exemplo_8_4.asm


