MPASM 03.20 Released           VOLTIM.ASM   1-6-2003  16:33:46         PAGE  1


LOC  OBJECT CODE     LINE SOURCE TEXT
  VALUE

                      00001 ; Voltímetro Digital de 8 bits
Warning[205]: Found directive in column 1. (LIST)
                      00002 LIST  P=16F627
Warning[205]: Found directive in column 1. (INCLUDE)
                      00003 INCLUDE <P16F627.INC>
                      00001         LIST
                      00002 ; P16F627.INC  Standard Header File, Version 1.01    Microchip Technology, Inc.
                      00261         LIST
Warning[205]: Found directive in column 1. (__CONFIG)
2007   3F18           00004 __CONFIG _CP_OFF & _WDT_OFF & _PWRTE_OFF & _BODEN_OFF & _MCLRE_OFF & _INTRC_OSC_NOCLKOUT & _LVP_OFF
  00000020            00005 DESLOCAMENTO    EQU 0x20
  00000021            00006 D0              EQU 0x21
  00000022            00007 D1              EQU 0x22
  00000023            00008 D2              EQU 0x23
  00000024            00009 CONTA           EQU 0x24
  00000025            00010 RESULTADO_L     EQU 0x25
  00000026            00011 RESULTADO_H     EQU 0x26
  00000027            00012 DELTA_L EQU 0x27
  00000028            00013 DELTA_H EQU 0x28
Warning[205]: Found directive in column 1. (ORG)
0000                  00014 ORG 0x0000
0000   286D           00015         GOTO    INICIO
0001                  00016 DECOD_DISPLAY:
0001   00A0           00017         MOVWF   DESLOCAMENTO    ; armazena o número na variável deslocamento
0002   300A           00018         MOVLW   LOW TABELA      ; copia em W os 8 bits LSB do endereço da TABELA
0003   07A0           00019         ADDWF   DESLOCAMENTO,F  ; adiciona o valor à variável DESLOCAMENTO
0004   3000           00020         MOVLW   HIGH TABELA     ; copia em W os 5 bits superiores do endereço da TABELA
0005   1803           00021         BTFSC   STATUS,C        ; testa para ver se a soma anterior transbordou 
0006   3E01           00022         ADDLW   0x01            ; se transbordou, soma 1 ao W
0007   008A           00023         MOVWF   PCLATH          ; acerta o PCLATH de acordo com o endereço da TABELA
0008   0820           00024         MOVF    DESLOCAMENTO,W  ; copia o valor do DESLOCAMENTO para o W
0009   0082           00025         MOVWF   PCL             ; copia o W para o PCL (desvia para a tabela)
000A                  00026 TABELA:
000A   34BF           00027         RETLW   B'10111111'     ; número 0
000B   3486           00028         RETLW   B'10000110'     ; número 1
000C   34DB           00029         RETLW   B'11011011'     ; número 2
000D   34CF           00030         RETLW   B'11001111'     ; número 3
000E   34E6           00031         RETLW   B'11100110'     ; número 4
000F   34ED           00032         RETLW   B'11101101'     ; número 5
0010   34FD           00033         RETLW   B'11111101'     ; número 6
0011   3487           00034         RETLW   B'10000111'     ; número 7
0012   34FF           00035         RETLW   B'11111111'     ; número 8
0013   34E7           00036         RETLW   B'11100111'     ; número 9
0014   34F7           00037         RETLW   B'11110111'     ; dígito A      
0015   34FC           00038         RETLW   B'11111100'     ; dígito B
0016   34B9           00039         RETLW   B'10111001'     ; dígito C
0017   34DE           00040         RETLW   B'11011110'     ; dígito D
0018   34F9           00041         RETLW   B'11111001'     ; dígito E
0019   34F1           00042         RETLW   B'11110001'     ; dígito F
001A                  00043 ATRASO:                         ; Subrotina de atraso
001A   3E01           00044         ADDLW   1               ; soma 1 ao W
001B   1903           00045         BTFSC   STATUS,Z        ; testa se W=0 ...
001C   0008           00046         RETURN                  ; se W=0, retorna
MPASM 03.20 Released           VOLTIM.ASM   1-6-2003  16:33:46         PAGE  2


LOC  OBJECT CODE     LINE SOURCE TEXT
  VALUE

001D   281A           00047         GOTO    ATRASO          ; se W diferente de 0, desvia para ATRASO_LOOP
001E                  00048 DISPLAY:
001E   0821           00049         MOVF    D0,W            ; copia o dígito em W
001F   2001           00050         CALL    DECOD_DISPLAY   ; decodifica o dígito
0020   0086           00051         MOVWF   PORTB           ; ativa os segmentos do display
0021   1386           00052         BCF     PORTB,7         ; ativa display 1
0022   0103           00053         CLRW                    ; W=0
0023   201A           00054         CALL    ATRASO          ; espera
0024   1786           00055         BSF     PORTB,7         ; desativa display 1
0025   0822           00056         MOVF    D1,W            ; copia o próximo dígito em W
0026   2001           00057         CALL    DECOD_DISPLAY   ; decodifica o display
0027   0086           00058         MOVWF   PORTB           ; ativa os segmentos
0028   1305           00059         BCF     PORTA,6         ; ativa display 2
0029   0103           00060         CLRW                    ; W=0
002A   201A           00061         CALL    ATRASO          ; espera
002B   1705           00062         BSF     PORTA,6         ; desativa display 2
002C   0823           00063         MOVF    D2,W            ; copia o último dígito em W
002D   2001           00064         CALL    DECOD_DISPLAY   ; decodifica display
002E   0086           00065         MOVWF   PORTB           ; ativa os segmentos
002F   1385           00066         BCF     PORTA,7         ; ativa o display 3
0030   0103           00067         CLRW                    ; W=0
0031   201A           00068         CALL    ATRASO          ; espera
0032   1785           00069         BSF     PORTA,7         ; desativa o display 3
0033   0008           00070         RETURN                  ; retorna
0034                  00071 BIN8DEC:
0034   00A1           00072         MOVWF   D0              ; copia o número a ser convertido para a variável de
                      00073                                 ; unidades
0035   01A2           00074         CLRF    D1              ; limpa as dezenas
0036   01A3           00075         CLRF    D2              ; limpa as centenas
0037                  00076 BIN8DEC_1:
0037   3064           00077         MOVLW   D'100'          ; subtrai 100 decimal ...
0038   0221           00078         SUBWF   D0,W            ; ... do valor a ser convertido e guarda em W
0039   1C03           00079         BTFSS   STATUS,C        ; o resultado é positivo ou zero ?
003A   283E           00080         GOTO    BIN8DEC_2       ; não ? então vai para a próxima parte
003B   00A1           00081         MOVWF   D0              ; sim ? então copia o valor para as unidades ...
003C   0AA3           00082         INCF    D2,F            ; incrementa um nas centenas
003D   2837           00083         GOTO    BIN8DEC_1       ; e reinicia o ciclo
003E                  00084 BIN8DEC_2:
003E   300A           00085         MOVLW   D'10'           ; subtrai 10 decimal do valor ...
003F   0221           00086         SUBWF   D0,W            ; ... a ser convertido e guarda o resultado em W
0040   1C03           00087         BTFSS   STATUS,C        ; o resultado é positivo ou zero ?
0041   0008           00088         RETURN                  ; não ? então retorna, a conversão terminou
0042   00A1           00089         MOVWF   D0              ; sim ? então copia W para as unidades ...
0043   0AA2           00090         INCF    D1,F            ; incrementa um nas dezenas 
0044   283E           00091         GOTO    BIN8DEC_2       ; e reinicia o ciclo
0045                  00092 INICIALIZA_CONV_DELTA:
0045   1683           00093         BSF     STATUS,RP0      ; seleciona o banco 1
0046   30EC           00094         MOVLW   0xEC            ;
Message[302]: Register in operand not in bank 0.  Ensure that bank bits are correct.
0047   009F           00095         MOVWF   VRCON           ; configura referência de tensão interna
Message[302]: Register in operand not in bank 0.  Ensure that bank bits are correct.
0048   1185           00096         BCF     TRISA,3         ; configura o pino RA3 para saída
0049   1283           00097         BCF     STATUS,RP0      ; seleciona o banco 0
MPASM 03.20 Released           VOLTIM.ASM   1-6-2003  16:33:46         PAGE  3


LOC  OBJECT CODE     LINE SOURCE TEXT
  VALUE

004A   3005           00098         MOVLW   0x05            ;
004B   009F           00099         MOVWF   CMCON           ; configura o módulo comparador analógico
004C   0008           00100         RETURN                  ;
004D                  00101 CONVERSOR_DELTA:
004D   01A5           00102         CLRF    RESULTADO_L     ;
004E   01A6           00103         CLRF    RESULTADO_H     ;
004F   01A7           00104         CLRF    DELTA_L         ;
0050   01A8           00105         CLRF    DELTA_H         ;
0051   3003           00106         MOVLW   0x03            ;
0052   009F           00107         MOVWF   CMCON           ; inicializa o módulo comparador analógico
0053                  00108 CICLO_CONVERSAO:
0053   1B1F           00109         BTFSC   CMCON,C1OUT     ; verifica a saída do comparador 1
0054   285B           00110         GOTO    REF_MENOR       ; se C1OUT=1 vai para REF_MENOR
0055                  00111 REF_MAIOR:
0055   0000           00112         NOP                     ; gasta 1 ciclo
0056   1185           00113         BCF     PORTA,3         ; coloca a saída RA3 em nível '1'
0057   0FA5           00114         INCFSZ  RESULTADO_L,F   ; incrementa o resultado LSB
0058   285E           00115         GOTO    GASTA2CICLOS    ; vai para GASTA2CICLOS
0059   0AA6           00116         INCF    RESULTADO_H,F   ; incrementa o resultado MSB
005A   285F           00117         GOTO    FINAL_CICLO     ; vai para o final do ciclo
005B                  00118 REF_MENOR:
005B   1585           00119         BSF     PORTA,3         ; coloca a saída RA3 em '1'
005C   0000           00120         NOP                     ; gasta 1 ciclo
005D   285E           00121         GOTO    GASTA2CICLOS    ; gasta mais 2 ciclos
005E                  00122 GASTA2CICLOS:
005E   285F           00123         GOTO    FINAL_CICLO     ; vai para o final do ciclo
005F                  00124 FINAL_CICLO:
005F   0FA7           00125         INCFSZ  DELTA_L,F       ; incrementa o contador de passos de conversão LSB
0060   2867           00126         GOTO    GASTA5CICLOS    ; gasta 5 ciclos
0061   0AA8           00127         INCF    DELTA_H,F       ; incrementa o contador de passos de conversão MSB
                      00128 ; o código a seguir determina se a contagem de ciclos ultrapassou 256
0062   0828           00129         MOVF    DELTA_H,W       ; 
0063   3901           00130         ANDLW   B'00000001'     ;
0064   1903           00131         BTFSC   STATUS,Z        ;
0065   2853           00132         GOTO    CICLO_CONVERSAO ;
0066   286A           00133         GOTO    FIM_CONVERSAO   ;
0067                  00134 GASTA5CICLOS:
0067   2868           00135         GOTO    $+1             ; gasta 2 ciclos (desvia para a próxima instrução)
0068   0000           00136         NOP                     ; gasta 1 ciclo
0069   2853           00137         GOTO    CICLO_CONVERSAO ; inicia novo ciclode conversão
006A                  00138 FIM_CONVERSAO:
006A   3006           00139         MOVLW   0x06            ; 
006B   009F           00140         MOVWF   CMCON           ; configura o módulo comparador para modo 6
006C   0008           00141         RETURN                  ; retorna
006D                  00142 INICIO:
                      00143 ; primeiramente vamos inicializar a porta B como saída e os pinos 
                      00144 ; RA3, RA6 e RA7 como saídas, os demais pinos da porta A serão configurados
                      00145 ; como entradas
006D   3005           00146         MOVLW   B'00000101'
006E   009F           00147         MOVWF   CMCON           ; configura os comparadores analógicos para modo 5
006F   1683 1303      00148         BANKSEL TRISA           ;
0071   3006           00149         MOVLW   B'00000110'     ; os pinos RA1 e RA2 como entradas e os demais
Message[302]: Register in operand not in bank 0.  Ensure that bank bits are correct.
MPASM 03.20 Released           VOLTIM.ASM   1-6-2003  16:33:46         PAGE  4


LOC  OBJECT CODE     LINE SOURCE TEXT
  VALUE

0072   0085           00150         MOVWF   TRISA           ; como saídas
Message[302]: Register in operand not in bank 0.  Ensure that bank bits are correct.
0073   0186           00151         CLRF    TRISB           ; configura a porta B para saídas
0074   1283 1303      00152         BANKSEL PORTB           ;
0076   30C0           00153         MOVLW   B'11000000'     ; desliga os catodos dos dois ...
0077   0085           00154         MOVWF   PORTA           ; ... displays
0078   1786           00155         BSF     PORTB,7         ; desliga o catodo do terceiro display
0079   01A1           00156         CLRF    D0              ;
007A   01A2           00157         CLRF    D1              ;
007B   01A3           00158         CLRF    D2              ;
007C   3014           00159         MOVLW   D'20'           ; inicializa o temporizador de conversão em
007D   00A4           00160         MOVWF   CONTA           ; 20 ciclos
007E   2045           00161         CALL    INICIALIZA_CONV_DELTA
007F                  00162 LOOP_PRINCIPAL:
007F   201E           00163         CALL    DISPLAY         ; apresenta o resultado atual no display
0080   0BA4           00164         DECFSZ  CONTA,F         ; decrementa temporizador de conversão
0081   287F           00165         GOTO    LOOP_PRINCIPAL  ; se CONTA>0 retorna para o LOOP_PRINCIPAL
0082   3014           00166         MOVLW   D'20'           ; 
0083   00A4           00167         MOVWF   CONTA           ; reinicia contador em 20 decimal
0084   204D           00168         CALL    CONVERSOR_DELTA ; realiza uma conversão
0085   0825           00169         MOVF    RESULTADO_L,W   ; copia o resultado de 8 bits em W
0086   2034           00170         CALL    BIN8DEC         ; converte o resultado em decimal
0087   287F           00171         GOTO    LOOP_PRINCIPAL  ; retorna para o LOOP_PRINCIPAL
Warning[205]: Found directive in column 1. (END)
                      00172 END
MPASM 03.20 Released           VOLTIM.ASM   1-6-2003  16:33:46         PAGE  5


SYMBOL TABLE
  LABEL                             VALUE 

ADEN                              00000003
ATRASO                            0000001A
BIN8DEC                           00000034
BIN8DEC_1                         00000037
BIN8DEC_2                         0000003E
BRGH                              00000002
C                                 00000000
C1INV                             00000004
C1OUT                             00000006
C2INV                             00000005
C2OUT                             00000007
CCP1CON                           00000017
CCP1IE                            00000002
CCP1IF                            00000002
CCP1M0                            00000000
CCP1M1                            00000001
CCP1M2                            00000002
CCP1M3                            00000003
CCP1X                             00000005
CCP1Y                             00000004
CCPR1H                            00000016
CCPR1L                            00000015
CICLO_CONVERSAO                   00000053
CIS                               00000003
CM0                               00000000
CM1                               00000001
CM2                               00000002
CMCON                             0000001F
CMIE                              00000006
CMIF                              00000006
CONTA                             00000024
CONVERSOR_DELTA                   0000004D
CREN                              00000004
CSRC                              00000007
D0                                00000021
D1                                00000022
D2                                00000023
DC                                00000001
DECOD_DISPLAY                     00000001
DELTA_H                           00000028
DELTA_L                           00000027
DESLOCAMENTO                      00000020
DISPLAY                           0000001E
EEADR                             0000009B
EECON1                            0000009C
EECON2                            0000009D
EEDATA                            0000009A
EEIE                              00000007
EEIF                              00000007
F                                 00000001
FERR                              00000002
FIM_CONVERSAO                     0000006A
FINAL_CICLO                       0000005F
MPASM 03.20 Released           VOLTIM.ASM   1-6-2003  16:33:46         PAGE  6


SYMBOL TABLE
  LABEL                             VALUE 

FSR                               00000004
GASTA2CICLOS                      0000005E
GASTA5CICLOS                      00000067
GIE                               00000007
INDF                              00000000
INICIALIZA_CONV_DELTA             00000045
INICIO                            0000006D
INTCON                            0000000B
INTE                              00000004
INTEDG                            00000006
INTF                              00000001
IRP                               00000007
LOOP_PRINCIPAL                    0000007F
NOT_BO                            00000000
NOT_BOD                           00000000
NOT_BOR                           00000000
NOT_PD                            00000003
NOT_POR                           00000001
NOT_RBPU                          00000007
NOT_T1SYNC                        00000002
NOT_TO                            00000004
OERR                              00000001
OPTION_REG                        00000081
OSCF                              00000003
PCL                               00000002
PCLATH                            0000000A
PCON                              0000008E
PEIE                              00000006
PIE1                              0000008C
PIR1                              0000000C
PORTA                             00000005
PORTB                             00000006
PR2                               00000092
PS0                               00000000
PS1                               00000001
PS2                               00000002
PSA                               00000003
RBIE                              00000003
RBIF                              00000000
RCIE                              00000005
RCIF                              00000005
RCREG                             0000001A
RCSTA                             00000018
RD                                00000000
REF_MAIOR                         00000055
REF_MENOR                         0000005B
RESULTADO_H                       00000026
RESULTADO_L                       00000025
RP0                               00000005
RP1                               00000006
RX9                               00000006
RX9D                              00000000
SPBRG                             00000099
MPASM 03.20 Released           VOLTIM.ASM   1-6-2003  16:33:46         PAGE  7


SYMBOL TABLE
  LABEL                             VALUE 

SPEN                              00000007
SREN                              00000005
STATUS                            00000003
SYNC                              00000004
T0CS                              00000005
T0IE                              00000005
T0IF                              00000002
T0SE                              00000004
T1CKPS0                           00000004
T1CKPS1                           00000005
T1CON                             00000010
T1OSCEN                           00000003
T2CKPS0                           00000000
T2CKPS1                           00000001
T2CON                             00000012
TABELA                            0000000A
TMR0                              00000001
TMR1CS                            00000001
TMR1H                             0000000F
TMR1IE                            00000000
TMR1IF                            00000000
TMR1L                             0000000E
TMR1ON                            00000000
TMR2                              00000011
TMR2IE                            00000001
TMR2IF                            00000001
TMR2ON                            00000002
TOUTPS0                           00000003
TOUTPS1                           00000004
TOUTPS2                           00000005
TOUTPS3                           00000006
TRISA                             00000085
TRISB                             00000086
TRMT                              00000001
TX9                               00000006
TX9D                              00000000
TXEN                              00000005
TXIE                              00000004
TXIF                              00000004
TXREG                             00000019
TXSTA                             00000098
VR0                               00000000
VR1                               00000001
VR2                               00000002
VR3                               00000003
VRCON                             0000009F
VREN                              00000007
VROE                              00000006
VRR                               00000005
W                                 00000000
WR                                00000001
WREN                              00000002
WRERR                             00000003
MPASM 03.20 Released           VOLTIM.ASM   1-6-2003  16:33:46         PAGE  8


SYMBOL TABLE
  LABEL                             VALUE 

Z                                 00000002
_BODEN_OFF                        00003FBF
_BODEN_ON                         00003FFF
_CP_50                            00002BFF
_CP_75                            000017FF
_CP_ALL                           000003FF
_CP_OFF                           00003FFF
_DATA_CP_OFF                      00003FFF
_DATA_CP_ON                       00003EFF
_ER_OSC_CLKOUT                    00003FFF
_ER_OSC_NOCLKOUT                  00003FFE
_EXTCLK_OSC                       00003FEF
_HS_OSC                           00003FEE
_INTRC_OSC_CLKOUT                 00003FFD
_INTRC_OSC_NOCLKOUT               00003FFC
_LP_OSC                           00003FEC
_LVP_OFF                          00003F7F
_LVP_ON                           00003FFF
_MCLRE_OFF                        00003FDF
_MCLRE_ON                         00003FFF
_PWRTE_OFF                        00003FFF
_PWRTE_ON                         00003FF7
_WDT_OFF                          00003FFB
_WDT_ON                           00003FFF
_XT_OSC                           00003FED
__16F627                          00000001


MEMORY USAGE MAP ('X' = Used,  '-' = Unused)

0000 : XXXXXXXXXXXXXXXX XXXXXXXXXXXXXXXX XXXXXXXXXXXXXXXX XXXXXXXXXXXXXXXX
0040 : XXXXXXXXXXXXXXXX XXXXXXXXXXXXXXXX XXXXXXXXXXXXXXXX XXXXXXXXXXXXXXXX
0080 : XXXXXXXX-------- ---------------- ---------------- ----------------
2000 : -------X-------- ---------------- ---------------- ----------------

All other memory blocks unused.

Program Memory Words Used:   136
Program Memory Words Free:   888


Errors   :     0
Warnings :     5 reported,     0 suppressed
Messages :     4 reported,     0 suppressed

