MPASM 03.20 Released          EXEMPLO.ASM   1-6-2003  16:19:55         PAGE  1


LOC  OBJECT CODE     LINE SOURCE TEXT
  VALUE

Warning[205]: Found directive in column 1. (LIST)
                      00001 LIST    P=16F627
Warning[205]: Found directive in column 1. (INCLUDE)
                      00002 INCLUDE <P16F627.INC>
                      00001         LIST
                      00002 ; P16F627.INC  Standard Header File, Version 1.01    Microchip Technology, Inc.
                      00261         LIST
Warning[205]: Found directive in column 1. (__CONFIG)
2007   3F18           00003 __CONFIG _CP_OFF & _WDT_OFF & _PWRTE_OFF & _BODEN_OFF & _MCLRE_OFF & _INTRC_OSC_NOCLKOUT & _LVP_OFF
  00000020            00004 A0      EQU 0x20
  00000021            00005 B0      EQU 0x21
  00000022            00006 TEMP1   EQU 0x22
  00000023            00007 TEMP2   EQU 0x23
  00000024            00008 TEMP3   EQU 0x24
  00000025            00009 A1      EQU 0X25
  00000026            00010 B1      EQU 0X26
Warning[205]: Found directive in column 1. (ORG)
0000                  00011 ORG     0x0000
0000   2824           00012         GOTO    INICIO
0001                  00013 RAIZ16:
0001   01A2           00014         CLRF    TEMP1           ; apaga o registrador temporário de raiz 
0002   01A6           00015         CLRF    B1              ; 
0003   3001           00016         MOVLW   0x01            ;
0004   00A1           00017         MOVWF   B0              ; inicializa o subtrator inicialmente para 0x0001
0005                  00018 RAIZ16_LOOP:
0005   2018           00019         CALL    SUB16           ; subtrai o subtrator do radicando atual
0006   1C03           00020         BTFSS   STATUS,C                ; testa para ver se o radicando é menor que zero
0007   2814           00021         GOTO    RAIZ16_RET      ; se menor, vai para a saída da sub-rotina
0008   08A0           00022         MOVF    A0,F            ; testa se A0 ...
0009   1D03           00023         BTFSS   STATUS,Z                ; é igual a zero ...
000A   280E           00024         GOTO    RAIZ16_CONT     ; se não, vai para RAIZ16_CONT
000B   08A5           00025         MOVF    A1,F            ; testa se A1 ...
000C   1903           00026         BTFSC   STATUS,Z                ; é igual a zero ...
000D   2816           00027         GOTO    RAIZ16_FIM      ; se é, vai para RAIZ16_FIM
000E                  00028 RAIZ16_CONT:
000E   0AA2           00029         INCF    TEMP1,F         ; incrementa o resultado atual da raiz
000F   3002           00030         MOVLW   0x02            ; adiciona 2 ...
0010   07A1           00031         ADDWF   B0,F            ; ao subtrator ...
0011   1803           00032         BTFSC   STATUS,C                ; verifica se houve transbordo do LSB ...
0012   0AA6           00033         INCF    B1,F            ; e se houve incrementa um no MSB do subtrator
0013   2805           00034         GOTO    RAIZ16_LOOP     ; reinicia o loop para encontrar a raiz
0014                  00035 RAIZ16_RET:
0014   0822           00036         MOVF    TEMP1,W         ; copia o resultado da raiz atual para o W
0015   0008           00037         RETURN                  ; retorna da sub-rotina
0016                  00038 RAIZ16_FIM:
0016   0A22           00039         INCF    TEMP1,W         ; incrementa um no resultado da raiz atual e 
                      00040                                 ; guarda no W
0017   0008           00041         RETURN                  ; retorna da sub-rotina
0018                  00042 SUB16:
0018   0821           00043         MOVF    B0,W            ; subtrai os 8 bits
0019   02A0           00044         SUBWF   A0,F            ; menos significativos
001A   1C03           00045         BTFSS   STATUS,C                ; testa se houve empréstimo
001B   281F           00046         GOTO    SUB2            ; se houve pula para SUB2
MPASM 03.20 Released          EXEMPLO.ASM   1-6-2003  16:19:55         PAGE  2


LOC  OBJECT CODE     LINE SOURCE TEXT
  VALUE

001C   0826           00047         MOVF    B1,W            ; se não, subtrai os
001D   02A5           00048         SUBWF   A1,F            ; 8 bits mais significativos e
001E   0008           00049         RETURN                  ; retorna
001F                  00050 SUB2:
001F   0826           00051         MOVF    B1,W            ; subtrai os 8 bits 
0020   02A5           00052         SUBWF   A1,F            ; mais significativos e
0021   3001           00053         MOVLW   0x01            ; subtrai 1 de A1 por conta
0022   02A5           00054         SUBWF   A1,F            ; do empréstimo na subtração do LSB
0023   0008           00055         RETURN                  ; retorna
0024                  00056 INICIO:
0024   3039           00057         MOVLW   0X39            ; 
0025   00A0           00058         MOVWF   A0              ; 
0026   301C           00059         MOVLW   0x1C            ;
0027   00A5           00060         MOVWF   A1              ; radicando= 0x1C39 (7225 decimal)
0028   2001           00061         CALL    RAIZ16          ; chamada da sub-rotina
0029   0063           00062         SLEEP                   ; fim do programa
Warning[205]: Found directive in column 1. (END)
                      00063 END
MPASM 03.20 Released          EXEMPLO.ASM   1-6-2003  16:19:55         PAGE  3


SYMBOL TABLE
  LABEL                             VALUE 

A0                                00000020
A1                                00000025
ADEN                              00000003
B0                                00000021
B1                                00000026
BRGH                              00000002
C                                 00000000
C1INV                             00000004
C1OUT                             00000006
C2INV                             00000005
C2OUT                             00000007
CCP1CON                           00000017
CCP1IE                            00000002
CCP1IF                            00000002
CCP1M0                            00000000
CCP1M1                            00000001
CCP1M2                            00000002
CCP1M3                            00000003
CCP1X                             00000005
CCP1Y                             00000004
CCPR1H                            00000016
CCPR1L                            00000015
CIS                               00000003
CM0                               00000000
CM1                               00000001
CM2                               00000002
CMCON                             0000001F
CMIE                              00000006
CMIF                              00000006
CREN                              00000004
CSRC                              00000007
DC                                00000001
EEADR                             0000009B
EECON1                            0000009C
EECON2                            0000009D
EEDATA                            0000009A
EEIE                              00000007
EEIF                              00000007
F                                 00000001
FERR                              00000002
FSR                               00000004
GIE                               00000007
INDF                              00000000
INICIO                            00000024
INTCON                            0000000B
INTE                              00000004
INTEDG                            00000006
INTF                              00000001
IRP                               00000007
NOT_BO                            00000000
NOT_BOD                           00000000
NOT_BOR                           00000000
NOT_PD                            00000003
MPASM 03.20 Released          EXEMPLO.ASM   1-6-2003  16:19:55         PAGE  4


SYMBOL TABLE
  LABEL                             VALUE 

NOT_POR                           00000001
NOT_RBPU                          00000007
NOT_T1SYNC                        00000002
NOT_TO                            00000004
OERR                              00000001
OPTION_REG                        00000081
OSCF                              00000003
PCL                               00000002
PCLATH                            0000000A
PCON                              0000008E
PEIE                              00000006
PIE1                              0000008C
PIR1                              0000000C
PORTA                             00000005
PORTB                             00000006
PR2                               00000092
PS0                               00000000
PS1                               00000001
PS2                               00000002
PSA                               00000003
RAIZ16                            00000001
RAIZ16_CONT                       0000000E
RAIZ16_FIM                        00000016
RAIZ16_LOOP                       00000005
RAIZ16_RET                        00000014
RBIE                              00000003
RBIF                              00000000
RCIE                              00000005
RCIF                              00000005
RCREG                             0000001A
RCSTA                             00000018
RD                                00000000
RP0                               00000005
RP1                               00000006
RX9                               00000006
RX9D                              00000000
SPBRG                             00000099
SPEN                              00000007
SREN                              00000005
STATUS                            00000003
SUB16                             00000018
SUB2                              0000001F
SYNC                              00000004
T0CS                              00000005
T0IE                              00000005
T0IF                              00000002
T0SE                              00000004
T1CKPS0                           00000004
T1CKPS1                           00000005
T1CON                             00000010
T1OSCEN                           00000003
T2CKPS0                           00000000
T2CKPS1                           00000001
MPASM 03.20 Released          EXEMPLO.ASM   1-6-2003  16:19:55         PAGE  5


SYMBOL TABLE
  LABEL                             VALUE 

T2CON                             00000012
TEMP1                             00000022
TEMP2                             00000023
TEMP3                             00000024
TMR0                              00000001
TMR1CS                            00000001
TMR1H                             0000000F
TMR1IE                            00000000
TMR1IF                            00000000
TMR1L                             0000000E
TMR1ON                            00000000
TMR2                              00000011
TMR2IE                            00000001
TMR2IF                            00000001
TMR2ON                            00000002
TOUTPS0                           00000003
TOUTPS1                           00000004
TOUTPS2                           00000005
TOUTPS3                           00000006
TRISA                             00000085
TRISB                             00000086
TRMT                              00000001
TX9                               00000006
TX9D                              00000000
TXEN                              00000005
TXIE                              00000004
TXIF                              00000004
TXREG                             00000019
TXSTA                             00000098
VR0                               00000000
VR1                               00000001
VR2                               00000002
VR3                               00000003
VRCON                             0000009F
VREN                              00000007
VROE                              00000006
VRR                               00000005
W                                 00000000
WR                                00000001
WREN                              00000002
WRERR                             00000003
Z                                 00000002
_BODEN_OFF                        00003FBF
_BODEN_ON                         00003FFF
_CP_50                            00002BFF
_CP_75                            000017FF
_CP_ALL                           000003FF
_CP_OFF                           00003FFF
_DATA_CP_OFF                      00003FFF
_DATA_CP_ON                       00003EFF
_ER_OSC_CLKOUT                    00003FFF
_ER_OSC_NOCLKOUT                  00003FFE
_EXTCLK_OSC                       00003FEF
MPASM 03.20 Released          EXEMPLO.ASM   1-6-2003  16:19:55         PAGE  6


SYMBOL TABLE
  LABEL                             VALUE 

_HS_OSC                           00003FEE
_INTRC_OSC_CLKOUT                 00003FFD
_INTRC_OSC_NOCLKOUT               00003FFC
_LP_OSC                           00003FEC
_LVP_OFF                          00003F7F
_LVP_ON                           00003FFF
_MCLRE_OFF                        00003FDF
_MCLRE_ON                         00003FFF
_PWRTE_OFF                        00003FFF
_PWRTE_ON                         00003FF7
_WDT_OFF                          00003FFB
_WDT_ON                           00003FFF
_XT_OSC                           00003FED
__16F627                          00000001


MEMORY USAGE MAP ('X' = Used,  '-' = Unused)

0000 : XXXXXXXXXXXXXXXX XXXXXXXXXXXXXXXX XXXXXXXXXX------ ----------------
2000 : -------X-------- ---------------- ---------------- ----------------

All other memory blocks unused.

Program Memory Words Used:    42
Program Memory Words Free:   982


Errors   :     0
Warnings :     5 reported,     0 suppressed
Messages :     0 reported,     0 suppressed

